../Core/Src/main.c:39:5:main	64	static
../Core/Src/main.c:122:6:MAIN_Init	8	static
../Core/Src/main.c:141:6:SystemClock_Config	80	static
../Core/Src/main.c:183:6:SystemClock_Config_2	88	static
../Core/Src/main.c:298:6:PrintSystemClockInfo	112	static
../Core/Src/main.c:320:6:LED_Init	8	static
../Core/Src/main.c:331:6:TIMER2_Init	8	static
../Core/Src/main.c:358:6:TIMER6_Init	8	static
../Core/Src/main.c:373:6:Error_Handler	4	static
../Core/Src/main.c:378:6:HAL_TIM_IC_CaptureCallback	16	static
../Core/Src/main.c:430:6:HAL_TIM_PeriodElapsedCallback	16	static
