../Core/Src/main.c:39:5:main	64	static
../Core/Src/main.c:116:6:MAIN_Init	8	static
../Core/Src/main.c:135:6:SystemClock_Config	80	static
../Core/Src/main.c:178:6:PrintSystemClockInfo	112	static
../Core/Src/main.c:200:6:LED_Init	8	static
../Core/Src/main.c:211:6:TIMER2_Init	8	static
../Core/Src/main.c:238:6:TIMER6_Init	8	static
../Core/Src/main.c:253:6:Error_Handler	4	static
../Core/Src/main.c:258:6:HAL_TIM_IC_CaptureCallback	16	static
../Core/Src/main.c:319:6:HAL_TIM_PeriodElapsedCallback	16	static
