../Core/Src/main.c:86:5:main	8	static
../Core/Src/main.c:139:6:SystemClock_Config	88	static
../Core/Src/main.c:185:13:MX_I2C1_Init	8	static
../Core/Src/main.c:219:13:MX_I2S3_Init	8	static
../Core/Src/main.c:253:13:MX_SPI1_Init	8	static
../Core/Src/main.c:291:13:MX_TIM6_Init	16	static
../Core/Src/main.c:329:13:MX_TIM7_Init	16	static
../Core/Src/main.c:367:13:MX_USART2_UART_Init	8	static
../Core/Src/main.c:400:13:MX_GPIO_Init	56	static
../Core/Src/main.c:499:6:Error_Handler	4	static,ignoring_inline_asm
