Archive member included to satisfy reference by file (symbol)

/opt/st/stm32cubeide_1.14.0_2/plugins/com.st.stm32cube.ide.mcu.externaltools.gnu-tools-for-stm32.11.3.rel1.linux64_1.1.100.202309141235/tools/bin/../lib/gcc/arm-none-eabi/11.3.1/../../../../arm-none-eabi/lib/thumb/v7e-m+fp/hard/libc_nano.a(libc_a-exit.o)
                              /opt/st/stm32cubeide_1.14.0_2/plugins/com.st.stm32cube.ide.mcu.externaltools.gnu-tools-for-stm32.11.3.rel1.linux64_1.1.100.202309141235/tools/bin/../lib/gcc/arm-none-eabi/11.3.1/../../../../arm-none-eabi/lib/thumb/v7e-m+fp/hard/crt0.o (exit)
/opt/st/stm32cubeide_1.14.0_2/plugins/com.st.stm32cube.ide.mcu.externaltools.gnu-tools-for-stm32.11.3.rel1.linux64_1.1.100.202309141235/tools/bin/../lib/gcc/arm-none-eabi/11.3.1/../../../../arm-none-eabi/lib/thumb/v7e-m+fp/hard/libc_nano.a(libc_a-findfp.o)
                              /opt/st/stm32cubeide_1.14.0_2/plugins/com.st.stm32cube.ide.mcu.externaltools.gnu-tools-for-stm32.11.3.rel1.linux64_1.1.100.202309141235/tools/bin/../lib/gcc/arm-none-eabi/11.3.1/../../../../arm-none-eabi/lib/thumb/v7e-m+fp/hard/libc_nano.a(libc_a-exit.o) (__stdio_exit_handler)
/opt/st/stm32cubeide_1.14.0_2/plugins/com.st.stm32cube.ide.mcu.externaltools.gnu-tools-for-stm32.11.3.rel1.linux64_1.1.100.202309141235/tools/bin/../lib/gcc/arm-none-eabi/11.3.1/../../../../arm-none-eabi/lib/thumb/v7e-m+fp/hard/libc_nano.a(libc_a-fwalk.o)
                              /opt/st/stm32cubeide_1.14.0_2/plugins/com.st.stm32cube.ide.mcu.externaltools.gnu-tools-for-stm32.11.3.rel1.linux64_1.1.100.202309141235/tools/bin/../lib/gcc/arm-none-eabi/11.3.1/../../../../arm-none-eabi/lib/thumb/v7e-m+fp/hard/libc_nano.a(libc_a-findfp.o) (_fwalk_sglue)
/opt/st/stm32cubeide_1.14.0_2/plugins/com.st.stm32cube.ide.mcu.externaltools.gnu-tools-for-stm32.11.3.rel1.linux64_1.1.100.202309141235/tools/bin/../lib/gcc/arm-none-eabi/11.3.1/../../../../arm-none-eabi/lib/thumb/v7e-m+fp/hard/libc_nano.a(libc_a-puts.o)
                              ./Core/Src/main.o (puts)
/opt/st/stm32cubeide_1.14.0_2/plugins/com.st.stm32cube.ide.mcu.externaltools.gnu-tools-for-stm32.11.3.rel1.linux64_1.1.100.202309141235/tools/bin/../lib/gcc/arm-none-eabi/11.3.1/../../../../arm-none-eabi/lib/thumb/v7e-m+fp/hard/libc_nano.a(libc_a-sprintf.o)
                              ./Core/Src/main.o (sprintf)
/opt/st/stm32cubeide_1.14.0_2/plugins/com.st.stm32cube.ide.mcu.externaltools.gnu-tools-for-stm32.11.3.rel1.linux64_1.1.100.202309141235/tools/bin/../lib/gcc/arm-none-eabi/11.3.1/../../../../arm-none-eabi/lib/thumb/v7e-m+fp/hard/libc_nano.a(libc_a-stdio.o)
                              /opt/st/stm32cubeide_1.14.0_2/plugins/com.st.stm32cube.ide.mcu.externaltools.gnu-tools-for-stm32.11.3.rel1.linux64_1.1.100.202309141235/tools/bin/../lib/gcc/arm-none-eabi/11.3.1/../../../../arm-none-eabi/lib/thumb/v7e-m+fp/hard/libc_nano.a(libc_a-findfp.o) (__sread)
/opt/st/stm32cubeide_1.14.0_2/plugins/com.st.stm32cube.ide.mcu.externaltools.gnu-tools-for-stm32.11.3.rel1.linux64_1.1.100.202309141235/tools/bin/../lib/gcc/arm-none-eabi/11.3.1/../../../../arm-none-eabi/lib/thumb/v7e-m+fp/hard/libc_nano.a(libc_a-wbuf.o)
                              /opt/st/stm32cubeide_1.14.0_2/plugins/com.st.stm32cube.ide.mcu.externaltools.gnu-tools-for-stm32.11.3.rel1.linux64_1.1.100.202309141235/tools/bin/../lib/gcc/arm-none-eabi/11.3.1/../../../../arm-none-eabi/lib/thumb/v7e-m+fp/hard/libc_nano.a(libc_a-puts.o) (__swbuf_r)
/opt/st/stm32cubeide_1.14.0_2/plugins/com.st.stm32cube.ide.mcu.externaltools.gnu-tools-for-stm32.11.3.rel1.linux64_1.1.100.202309141235/tools/bin/../lib/gcc/arm-none-eabi/11.3.1/../../../../arm-none-eabi/lib/thumb/v7e-m+fp/hard/libc_nano.a(libc_a-wsetup.o)
                              /opt/st/stm32cubeide_1.14.0_2/plugins/com.st.stm32cube.ide.mcu.externaltools.gnu-tools-for-stm32.11.3.rel1.linux64_1.1.100.202309141235/tools/bin/../lib/gcc/arm-none-eabi/11.3.1/../../../../arm-none-eabi/lib/thumb/v7e-m+fp/hard/libc_nano.a(libc_a-puts.o) (__swsetup_r)
/opt/st/stm32cubeide_1.14.0_2/plugins/com.st.stm32cube.ide.mcu.externaltools.gnu-tools-for-stm32.11.3.rel1.linux64_1.1.100.202309141235/tools/bin/../lib/gcc/arm-none-eabi/11.3.1/../../../../arm-none-eabi/lib/thumb/v7e-m+fp/hard/libc_nano.a(libc_a-memset.o)
                              /opt/st/stm32cubeide_1.14.0_2/plugins/com.st.stm32cube.ide.mcu.externaltools.gnu-tools-for-stm32.11.3.rel1.linux64_1.1.100.202309141235/tools/bin/../lib/gcc/arm-none-eabi/11.3.1/../../../../arm-none-eabi/lib/thumb/v7e-m+fp/hard/crt0.o (memset)
/opt/st/stm32cubeide_1.14.0_2/plugins/com.st.stm32cube.ide.mcu.externaltools.gnu-tools-for-stm32.11.3.rel1.linux64_1.1.100.202309141235/tools/bin/../lib/gcc/arm-none-eabi/11.3.1/../../../../arm-none-eabi/lib/thumb/v7e-m+fp/hard/libc_nano.a(libc_a-closer.o)
[...]
Memory Configuration

Name             Origin             Length             Attributes
CCMRAM           0x0000000010000000 0x0000000000010000 xrw
RAM              0x0000000020000000 0x0000000000020000 xrw
FLASH            0x0000000008000000 0x0000000000100000 xr
*default*        0x0000000000000000 0xffffffffffffffff

Linker script and memory map

LOAD /opt/st/stm32cubeide_1.14.0_2/plugins/com.st.stm32cube.ide.mcu.externaltools.gnu-tools-for-stm32.11.3.rel1.linux64_1.1.100.202309141235/tools/bin/../lib/gcc/arm-none-eabi/11.3.1/thumb/v7e-m+fp/hard/crti.o
LOAD /opt/st/stm32cubeide_1.14.0_2/plugins/com.st.stm32cube.ide.mcu.externaltools.gnu-tools-for-stm32.11.3.rel1.linux64_1.1.100.202309141235/tools/bin/../lib/gcc/arm-none-eabi/11.3.1/thumb/v7e-m+fp/hard/crtbegin.o
LOAD /opt/st/stm32cubeide_1.14.0_2/plugins/com.st.stm32cube.ide.mcu.externaltools.gnu-tools-for-stm32.11.3.rel1.linux64_1.1.100.202309141235/tools/bin/../lib/gcc/arm-none-eabi/11.3.1/../../../../arm-none-eabi/lib/thumb/v7e-m+fp/hard/crt0.o
LOAD ./Core/Src/it.o
LOAD ./Core/Src/main.o
LOAD ./Core/Src/msp.o
LOAD ./Core/Src/syscalls.o
LOAD ./Core/Src/sysmem.o
LOAD ./Core/Src/system_stm32f4xx.o
LOAD ./Core/Startup/startup_stm32f407vgtx.o
LOAD ./Drivers/STM32F4xx_HAL_Driver/Src/stm32f4xx_hal.o
LOAD ./Drivers/STM32F4xx_HAL_Driver/Src/stm32f4xx_hal_cortex.o
LOAD ./Drivers/STM32F4xx_HAL_Driver/Src/stm32f4xx_hal_dma.o
LOAD ./Drivers/STM32F4xx_HAL_Driver/Src/stm32f4xx_hal_dma_ex.o
LOAD ./Drivers/STM32F4xx_HAL_Driver/Src/stm32f4xx_hal_exti.o
LOAD ./Drivers/STM32F4xx_HAL_Driver/Src/stm32f4xx_hal_flash.o
LOAD ./Drivers/STM32F4xx_HAL_Driver/Src/stm32f4xx_hal_flash_ex.o
LOAD ./Drivers/STM32F4xx_HAL_Driver/Src/stm32f4xx_hal_flash_ramfunc.o
LOAD ./Drivers/STM32F4xx_HAL_Driver/Src/stm32f4xx_hal_gpio.o
LOAD ./Drivers/STM32F4xx_HAL_Driver/Src/stm32f4xx_hal_hcd.o
LOAD ./Drivers/STM32F4xx_HAL_Driver/Src/stm32f4xx_hal_i2c.o
LOAD ./Drivers/STM32F4xx_HAL_Driver/Src/stm32f4xx_hal_i2c_ex.o
LOAD ./Drivers/STM32F4xx_HAL_Driver/Src/stm32f4xx_hal_i2s.o
LOAD ./Drivers/STM32F4xx_HAL_Driver/Src/stm32f4xx_hal_i2s_ex.o
LOAD ./Drivers/STM32F4xx_HAL_Driver/Src/stm32f4xx_hal_pwr.o
LOAD ./Drivers/STM32F4xx_HAL_Driver/Src/stm32f4xx_hal_pwr_ex.o
LOAD ./Drivers/STM32F4xx_HAL_Driver/Src/stm32f4xx_hal_rcc.o
LOAD ./Drivers/STM32F4xx_HAL_Driver/Src/stm32f4xx_hal_rcc_ex.o
LOAD ./Drivers/STM32F4xx_HAL_Driver/Src/stm32f4xx_hal_spi.o
LOAD ./Drivers/STM32F4xx_HAL_Driver/Src/stm32f4xx_hal_tim.o
LOAD ./Drivers/STM32F4xx_HAL_Driver/Src/stm32f4xx_hal_tim_ex.o
LOAD ./Drivers/STM32F4xx_HAL_Driver/Src/stm32f4xx_ll_usb.o
START GROUP
LOAD /opt/st/stm32cubeide_1.14.0_2/plugins/com.st.stm32cube.ide.mcu.externaltools.gnu-tools-for-stm32.11.3.rel1.linux64_1.1.100.202309141235/tools/bin/../lib/gcc/arm-none-eabi/11.3.1/../../../../arm-none-eabi/lib/thumb/v7e-m+fp/hard/libc_nano.a
LOAD /opt/st/stm32cubeide_1.14.0_2/plugins/com.st.stm32cube.ide.mcu.externaltools.gnu-tools-for-stm32.11.3.rel1.linux64_1.1.100.202309141235/tools/bin/../lib/gcc/arm-none-eabi/11.3.1/../../../../arm-none-eabi/lib/thumb/v7e-m+fp/hard/libm.a
END GROUP
START GROUP
LOAD /opt/st/stm32cubeide_1.14.0_2/plugins/com.st.stm32cube.ide.mcu.externaltools.gnu-tools-for-stm32.11.3.rel1.linux64_1.1.100.202309141235/tools/bin/../lib/gcc/arm-none-eabi/11.3.1/thumb/v7e-m+fp/hard/libgcc.a
LOAD /opt/st/stm32cubeide_1.14.0_2/plugins/com.st.stm32cube.ide.mcu.externaltools.gnu-tools-for-stm32.11.3.rel1.linux64_1.1.100.202309141235/tools/bin/../lib/gcc/arm-none-eabi/11.3.1/../../../../arm-none-eabi/lib/thumb/v7e-m+fp/hard/libc_nano.a
END GROUP
START GROUP
LOAD /opt/st/stm32cubeide_1.14.0_2/plugins/com.st.stm32cube.ide.mcu.externaltools.gnu-tools-for-stm32.11.3.rel1.linux64_1.1.100.202309141235/tools/bin/../lib/gcc/arm-none-eabi/11.3.1/thumb/v7e-m+fp/hard/libgcc.a
LOAD /opt/st/stm32cubeide_1.14.0_2/plugins/com.st.stm32cube.ide.mcu.externaltools.gnu-tools-for-stm32.11.3.rel1.linux64_1.1.100.202309141235/tools/bin/../lib/gcc/arm-none-eabi/11.3.1/../../../../arm-none-eabi/lib/thumb/v7e-m+fp/hard/libc_nano.a
LOAD /opt/st/stm32cubeide_1.14.0_2/plugins/com.st.stm32cube.ide.mcu.externaltools.gnu-tools-for-stm32.11.3.rel1.linux64_1.1.100.202309141235/tools/bin/../lib/gcc/arm-none-eabi/11.3.1/../../../../arm-none-eabi/lib/thumb/v7e-m+fp/hard/libnosys.a
END GROUP
START GROUP
LOAD /opt/st/stm32cubeide_1.14.0_2/plugins/com.st.stm32cube.ide.mcu.externaltools.gnu-tools-for-stm32.11.3.rel1.linux64_1.1.100.202309141235/tools/bin/../lib/gcc/arm-none-eabi/11.3.1/thumb/v7e-m+fp/hard/libgcc.a
LOAD /opt/st/stm32cubeide_1.14.0_2/plugins/com.st.stm32cube.ide.mcu.externaltools.gnu-tools-for-stm32.11.3.rel1.linux64_1.1.100.202309141235/tools/bin/../lib/gcc/arm-none-eabi/11.3.1/../../../../arm-none-eabi/lib/thumb/v7e-m+fp/hard/libc_nano.a
LOAD /opt/st/stm32cubeide_1.14.0_2/plugins/com.st.stm32cube.ide.mcu.externaltools.gnu-tools-for-stm32.11.3.rel1.linux64_1.1.100.202309141235/tools/bin/../lib/gcc/arm-none-eabi/11.3.1/../../../../arm-none-eabi/lib/thumb/v7e-m+fp/hard/libnosys.a
END GROUP
LOAD /opt/st/stm32cubeide_1.14.0_2/plugins/com.st.stm32cube.ide.mcu.externaltools.gnu-tools-for-stm32.11.3.rel1.linux64_1.1.100.202309141235/tools/bin/../lib/gcc/arm-none-eabi/11.3.1/thumb/v7e-m+fp/hard/crtend.o
LOAD /opt/st/stm32cubeide_1.14.0_2/plugins/com.st.stm32cube.ide.mcu.externaltools.gnu-tools-for-stm32.11.3.rel1.linux64_1.1.100.202309141235/tools/bin/../lib/gcc/arm-none-eabi/11.3.1/thumb/v7e-m+fp/hard/crtn.o
                0x0000000020020000                _estack = (ORIGIN (RAM) + LENGTH (RAM))
                0x0000000000000200                _Min_Heap_Size = 0x200
                0x0000000000000400                _Min_Stack_Size = 0x400

.isr_vector     0x0000000008000000      0x188
                0x0000000008000000                . = ALIGN (0x4)
 *(.isr_vector)
 .isr_vector    0x0000000008000000      0x188 ./Core/Startup/startup_stm32f407vgtx.o
                0x0000000008000000                g_pfnVectors
                0x0000000008000188                . = ALIGN (0x4)

.text           0x0000000008000190     0x2404
                0x0000000008000190                . = ALIGN (0x4)
 *(.text)
 .text          0x0000000008000190       0x40 /opt/st/stm32cubeide_1.14.0_2/plugins/com.st.stm32cube.ide.mcu.externaltools.gnu-tools-for-stm32.11.3.rel1.linux64_1.1.100.202309141235/tools/bin/../lib/gcc/arm-none-eabi/11.3.1/thumb/v7e-m+fp/hard/crtbegin.o
 .text          0x00000000080001d0       0xa0 /opt/st/stm32cubeide_1.14.0_2/plugins/com.st.stm32cube.ide.mcu.externaltools.gnu-tools-for-stm32.11.3.rel1.linux64_1.1.100.202309141235/tools/bin/../lib/gcc/arm-none-eabi/11.3.1/../../../../arm-none-eabi/lib/thumb/v7e-m+fp/hard/libc_nano.a(libc_a-memchr.o)
                0x00000000080001d0                memchr
 .text          0x0000000008000270       0x30 /opt/st/stm32cubeide_1.14.0_2/plugins/com.st.stm32cube.ide.mcu.externaltools.gnu-tools-for-stm32.11.3.rel1.linux64_1.1.100.202309141235/tools/bin/../lib/gcc/arm-none-eabi/11.3.1/thumb/v7e-m+fp/hard/libgcc.a(_aeabi_uldivmod.o)
                0x0000000008000270                __aeabi_uldivmod
 .text          0x00000000080002a0      0x2c8 /opt/st/stm32cubeide_1.14.0_2/plugins/com.st.stm32cube.ide.mcu.externaltools.gnu-tools-for-stm32.11.3.rel1.linux64_1.1.100.202309141235/tools/bin/../lib/gcc/arm-none-eabi/11.3.1/thumb/v7e-m+fp/hard/libgcc.a(_udivmoddi4.o)
                0x00000000080002a0                __udivmoddi4
 .text          0x0000000008000568        0x4 /opt/st/stm32cubeide_1.14.0_2/plugins/com.st.stm32cube.ide.mcu.externaltools.gnu-tools-for-stm32.11.3.rel1.linux64_1.1.100.202309141235/tools/bin/../lib/gcc/arm-none-eabi/11.3.1/thumb/v7e-m+fp/hard/libgcc.a(_dvmd_tls.o)
                0x0000000008000568                __aeabi_ldiv0
                0x0000000008000568                __aeabi_idiv0
 *(.text*)
 .text.SysTick_Handler
                0x000000000800056c       0x10 ./Core/Src/it.o
                0x000000000800056c                SysTick_Handler
 .text.main     0x000000000800057c       0x1c ./Core/Src/main.o
                0x000000000800057c                main
 .text.SystemClock_Config
                0x0000000008000598       0x9c ./Core/Src/main.o
                0x0000000008000598                SystemClock_Config
 .text.Error_Handler
                0x0000000008000634        0x6 ./Core/Src/main.o
                0x0000000008000634                Error_Handler
 *fill*         0x000000000800063a        0x2 
 .text.PrintRCCData
                0x000000000800063c       0x90 ./Core/Src/main.o
                0x000000000800063c                PrintRCCData
 .text.HAL_MspInit
                0x00000000080006cc       0x44 ./Core/Src/msp.o
                0x00000000080006cc                HAL_MspInit
 .text.ITM_SendChar
                0x0000000008000710       0x50 ./Core/Src/syscalls.o
                0x0000000008000710                ITM_SendChar
 .text._read    0x0000000008000760       0x3a ./Core/Src/syscalls.o
                0x0000000008000760                _read
 .text._write   0x000000000800079a       0x38 ./Core/Src/syscalls.o
                0x000000000800079a                _write
 .text._close   0x00000000080007d2       0x18 ./Core/Src/syscalls.o
                0x00000000080007d2                _close
 .text._fstat   0x00000000080007ea       0x20 ./Core/Src/syscalls.o
                0x00000000080007ea                _fstat
 .text._isatty  0x000000000800080a       0x16 ./Core/Src/syscalls.o
                0x000000000800080a                _isatty
 .text._lseek   0x0000000008000820       0x1a ./Core/Src/syscalls.o
                0x0000000008000820                _lseek
 *fill*         0x000000000800083a        0x2 
 .text._sbrk    0x000000000800083c       0x6c ./Core/Src/sysmem.o
                0x000000000800083c                _sbrk
 .text.SystemInit
                0x00000000080008a8       0x24 ./Core/Src/system_stm32f4xx.o
                0x00000000080008a8                SystemInit
 .text.Reset_Handler
                0x00000000080008cc       0x50 ./Core/Startup/startup_stm32f407vgtx.o
                0x00000000080008cc                Reset_Handler
 .text.Default_Handler
                0x000000000800091c        0x2 ./Core/Startup/startup_stm32f407vgtx.o
                0x000000000800091c                RTC_Alarm_IRQHandler
                0x000000000800091c                HASH_RNG_IRQHandler
                0x000000000800091c                EXTI2_IRQHandler
                0x000000000800091c                TIM8_CC_IRQHandler
                0x000000000800091c                DebugMon_Handler
                0x000000000800091c                TIM1_CC_IRQHandler
                0x000000000800091c                DMA2_Stream5_IRQHandler
                0x000000000800091c                HardFault_Handler
                0x000000000800091c                DMA1_Stream5_IRQHandler
                0x000000000800091c                PVD_IRQHandler
                0x000000000800091c                SDIO_IRQHandler
                0x000000000800091c                TAMP_STAMP_IRQHandler
                0x000000000800091c                PendSV_Handler
                0x000000000800091c                NMI_Handler
                0x000000000800091c                CAN2_RX1_IRQHandler
                0x000000000800091c                EXTI3_IRQHandler
                0x000000000800091c                TIM8_TRG_COM_TIM14_IRQHandler
                0x000000000800091c                TIM1_UP_TIM10_IRQHandler
                0x000000000800091c                TIM8_UP_TIM13_IRQHandler
                0x000000000800091c                I2C3_ER_IRQHandler
                0x000000000800091c                EXTI0_IRQHandler
                0x000000000800091c                I2C2_EV_IRQHandler
                0x000000000800091c                DMA1_Stream2_IRQHandler
                0x000000000800091c                CAN1_RX0_IRQHandler
                0x000000000800091c                FPU_IRQHandler
                0x000000000800091c                OTG_HS_WKUP_IRQHandler
                0x000000000800091c                UsageFault_Handler
                0x000000000800091c                CAN2_SCE_IRQHandler
                0x000000000800091c                DMA2_Stream2_IRQHandler
                0x000000000800091c                SPI1_IRQHandler
                0x000000000800091c                TIM6_DAC_IRQHandler
                0x000000000800091c                TIM1_BRK_TIM9_IRQHandler
                0x000000000800091c                DCMI_IRQHandler
                0x000000000800091c                CAN2_RX0_IRQHandler
                0x000000000800091c                DMA2_Stream3_IRQHandler
                0x000000000800091c                USART6_IRQHandler
                0x000000000800091c                USART3_IRQHandler
                0x000000000800091c                CAN1_RX1_IRQHandler
                0x000000000800091c                UART5_IRQHandler
                0x000000000800091c                DMA2_Stream0_IRQHandler
                0x000000000800091c                TIM4_IRQHandler
                0x000000000800091c                I2C1_EV_IRQHandler
                0x000000000800091c                DMA1_Stream6_IRQHandler
                0x000000000800091c                DMA1_Stream1_IRQHandler
                0x000000000800091c                UART4_IRQHandler
                0x000000000800091c                TIM3_IRQHandler
                0x000000000800091c                RCC_IRQHandler
                0x000000000800091c                TIM8_BRK_TIM12_IRQHandler
                0x000000000800091c                Default_Handler
                0x000000000800091c                EXTI15_10_IRQHandler
                0x000000000800091c                ADC_IRQHandler
                0x000000000800091c                DMA1_Stream7_IRQHandler
                0x000000000800091c                TIM7_IRQHandler
                0x000000000800091c                CAN2_TX_IRQHandler
                0x000000000800091c                TIM5_IRQHandler
                0x000000000800091c                DMA2_Stream7_IRQHandler
                0x000000000800091c                I2C3_EV_IRQHandler
                0x000000000800091c                EXTI9_5_IRQHandler
                0x000000000800091c                RTC_WKUP_IRQHandler
                0x000000000800091c                ETH_WKUP_IRQHandler
                0x000000000800091c                SPI2_IRQHandler
                0x000000000800091c                OTG_HS_EP1_IN_IRQHandler
                0x000000000800091c                MemManage_Handler
                0x000000000800091c                DMA1_Stream0_IRQHandler
                0x000000000800091c                CAN1_TX_IRQHandler
                0x000000000800091c                SVC_Handler
                0x000000000800091c                EXTI4_IRQHandler
                0x000000000800091c                FSMC_IRQHandler
                0x000000000800091c                ETH_IRQHandler
                0x000000000800091c                OTG_HS_EP1_OUT_IRQHandler
                0x000000000800091c                WWDG_IRQHandler
                0x000000000800091c                TIM2_IRQHandler
                0x000000000800091c                OTG_FS_WKUP_IRQHandler
                0x000000000800091c                TIM1_TRG_COM_TIM11_IRQHandler
                0x000000000800091c                OTG_HS_IRQHandler
                0x000000000800091c                EXTI1_IRQHandler
                0x000000000800091c                USART2_IRQHandler
                0x000000000800091c                I2C2_ER_IRQHandler
                0x000000000800091c                DMA2_Stream1_IRQHandler
                0x000000000800091c                CAN1_SCE_IRQHandler
                0x000000000800091c                FLASH_IRQHandler
                0x000000000800091c                DMA2_Stream4_IRQHandler
                0x000000000800091c                BusFault_Handler
                0x000000000800091c                USART1_IRQHandler
                0x000000000800091c                OTG_FS_IRQHandler
                0x000000000800091c                SPI3_IRQHandler
                0x000000000800091c                DMA1_Stream4_IRQHandler
                0x000000000800091c                I2C1_ER_IRQHandler
                0x000000000800091c                DMA2_Stream6_IRQHandler
                0x000000000800091c                DMA1_Stream3_IRQHandler
 *fill*         0x000000000800091e        0x2 
 .text.HAL_Init
                0x0000000008000920       0x44 ./Drivers/STM32F4xx_HAL_Driver/Src/stm32f4xx_hal.o
                0x0000000008000920                HAL_Init
 .text.HAL_InitTick
                0x0000000008000964       0x60 ./Drivers/STM32F4xx_HAL_Driver/Src/stm32f4xx_hal.o
                0x0000000008000964                HAL_InitTick
 .text.HAL_IncTick
                0x00000000080009c4       0x28 ./Drivers/STM32F4xx_HAL_Driver/Src/stm32f4xx_hal.o
                0x00000000080009c4                HAL_IncTick
 .text.HAL_GetTick
                0x00000000080009ec       0x18 ./Drivers/STM32F4xx_HAL_Driver/Src/stm32f4xx_hal.o
                0x00000000080009ec                HAL_GetTick
 .text.__NVIC_SetPriorityGrouping
                0x0000000008000a04       0x48 ./Drivers/STM32F4xx_HAL_Driver/Src/stm32f4xx_hal_cortex.o
 .text.__NVIC_GetPriorityGrouping
                0x0000000008000a4c       0x1c ./Drivers/STM32F4xx_HAL_Driver/Src/stm32f4xx_hal_cortex.o
 .text.__NVIC_SetPriority
                0x0000000008000a68       0x54 ./Drivers/STM32F4xx_HAL_Driver/Src/stm32f4xx_hal_cortex.o
 .text.NVIC_EncodePriority
                0x0000000008000abc       0x66 ./Drivers/STM32F4xx_HAL_Driver/Src/stm32f4xx_hal_cortex.o
 *fill*         0x0000000008000b22        0x2 
 .text.SysTick_Config
                0x0000000008000b24       0x44 ./Drivers/STM32F4xx_HAL_Driver/Src/stm32f4xx_hal_cortex.o
 .text.HAL_NVIC_SetPriorityGrouping
                0x0000000008000b68       0x16 ./Drivers/STM32F4xx_HAL_Driver/Src/stm32f4xx_hal_cortex.o
                0x0000000008000b68                HAL_NVIC_SetPriorityGrouping
 .text.HAL_NVIC_SetPriority
                0x0000000008000b7e       0x38 ./Drivers/STM32F4xx_HAL_Driver/Src/stm32f4xx_hal_cortex.o
                0x0000000008000b7e                HAL_NVIC_SetPriority
 .text.HAL_SYSTICK_Config
                0x0000000008000bb6       0x18 ./Drivers/STM32F4xx_HAL_Driver/Src/stm32f4xx_hal_cortex.o
                0x0000000008000bb6                HAL_SYSTICK_Config
 *fill*         0x0000000008000bce        0x2 
 .text.HAL_SYSTICK_CLKSourceConfig
                0x0000000008000bd0       0x38 ./Drivers/STM32F4xx_HAL_Driver/Src/stm32f4xx_hal_cortex.o
                0x0000000008000bd0                HAL_SYSTICK_CLKSourceConfig
 .text.HAL_SYSTICK_IRQHandler
                0x0000000008000c08        0xc ./Drivers/STM32F4xx_HAL_Driver/Src/stm32f4xx_hal_cortex.o
                0x0000000008000c08                HAL_SYSTICK_IRQHandler
 .text.HAL_SYSTICK_Callback
                0x0000000008000c14        0xe ./Drivers/STM32F4xx_HAL_Driver/Src/stm32f4xx_hal_cortex.o
                0x0000000008000c14                HAL_SYSTICK_Callback
 *fill*         0x0000000008000c22        0x2 
 .text.HAL_RCC_OscConfig
                0x0000000008000c24      0x4f0 ./Drivers/STM32F4xx_HAL_Driver/Src/stm32f4xx_hal_rcc.o
                0x0000000008000c24                HAL_RCC_OscConfig
 .text.HAL_RCC_ClockConfig
                0x0000000008001114      0x1cc ./Drivers/STM32F4xx_HAL_Driver/Src/stm32f4xx_hal_rcc.o
                0x0000000008001114                HAL_RCC_ClockConfig
 .text.HAL_RCC_GetSysClockFreq
                0x00000000080012e0      0x20c ./Drivers/STM32F4xx_HAL_Driver/Src/stm32f4xx_hal_rcc.o
                0x00000000080012e0                HAL_RCC_GetSysClockFreq
 .text.HAL_RCC_GetHCLKFreq
                0x00000000080014ec       0x18 ./Drivers/STM32F4xx_HAL_Driver/Src/stm32f4xx_hal_rcc.o
                0x00000000080014ec                HAL_RCC_GetHCLKFreq
 .text.HAL_RCC_GetPCLK1Freq
                0x0000000008001504       0x28 ./Drivers/STM32F4xx_HAL_Driver/Src/stm32f4xx_hal_rcc.o
                0x0000000008001504                HAL_RCC_GetPCLK1Freq
 .text.HAL_RCC_GetPCLK2Freq
                0x000000000800152c       0x28 ./Drivers/STM32F4xx_HAL_Driver/Src/stm32f4xx_hal_rcc.o
                0x000000000800152c                HAL_RCC_GetPCLK2Freq
 .text.std      0x0000000008001554       0x6c /opt/st/stm32cubeide_1.14.0_2/plugins/com.st.stm32cube.ide.mcu.externaltools.gnu-tools-for-stm32.11.3.rel1.linux64_1.1.100.202309141235/tools/bin/../lib/gcc/arm-none-eabi/11.3.1/../../../../arm-none-eabi/lib/thumb/v7e-m+fp/hard/libc_nano.a(libc_a-findfp.o)
 .text.stdio_exit_handler
                0x00000000080015c0       0x18 /opt/st/stm32cubeide_1.14.0_2/plugins/com.st.stm32cube.ide.mcu.externaltools.gnu-tools-for-stm32.11.3.rel1.linux64_1.1.100.202309141235/tools/bin/../lib/gcc/arm-none-eabi/11.3.1/../../../../arm-none-eabi/lib/thumb/v7e-m+fp/hard/libc_nano.a(libc_a-findfp.o)
 .text.cleanup_stdio
                0x00000000080015d8       0x40 /opt/st/stm32cubeide_1.14.0_2/plugins/com.st.stm32cube.ide.mcu.externaltools.gnu-tools-for-stm32.11.3.rel1.linux64_1.1.100.202309141235/tools/bin/../lib/gcc/arm-none-eabi/11.3.1/../../../../arm-none-eabi/lib/thumb/v7e-m+fp/hard/libc_nano.a(libc_a-findfp.o)
 .text.global_stdio_init.part.0
                0x0000000008001618       0x3c /opt/st/stm32cubeide_1.14.0_2/plugins/com.st.stm32cube.ide.mcu.externaltools.gnu-tools-for-stm32.11.3.rel1.linux64_1.1.100.202309141235/tools/bin/../lib/gcc/arm-none-eabi/11.3.1/../../../../arm-none-eabi/lib/thumb/v7e-m+fp/hard/libc_nano.a(libc_a-findfp.o)
 .text.__sfp_lock_acquire
                0x0000000008001654        0xc /opt/st/stm32cubeide_1.14.0_2/plugins/com.st.stm32cube.ide.mcu.externaltools.gnu-tools-for-stm32.11.3.rel1.linux64_1.1.100.202309141235/tools/bin/../lib/gcc/arm-none-eabi/11.3.1/../../../../arm-none-eabi/lib/thumb/v7e-m+fp/hard/libc_nano.a(libc_a-findfp.o)
                0x0000000008001654                __sfp_lock_acquire
 .text.__sfp_lock_release
                0x0000000008001660        0xc /opt/st/stm32cubeide_1.14.0_2/plugins/com.st.stm32cube.ide.mcu.externaltools.gnu-tools-for-stm32.11.3.rel1.linux64_1.1.100.202309141235/tools/bin/../lib/gcc/arm-none-eabi/11.3.1/../../../../arm-none-eabi/lib/thumb/v7e-m+fp/hard/libc_nano.a(libc_a-findfp.o)
                0x0000000008001660                __sfp_lock_release
 .text.__sinit  0x000000000800166c       0x30 /opt/st/stm32cubeide_1.14.0_2/plugins/com.st.stm32cube.ide.mcu.externaltools.gnu-tools-for-stm32.11.3.rel1.linux64_1.1.100.202309141235/tools/bin/../lib/gcc/arm-none-eabi/11.3.1/../../../../arm-none-eabi/lib/thumb/v7e-m+fp/hard/libc_nano.a(libc_a-findfp.o)
                0x000000000800166c                __sinit
 .text._fwalk_sglue
                0x000000000800169c       0x3c /opt/st/stm32cubeide_1.14.0_2/plugins/com.st.stm32cube.ide.mcu.externaltools.gnu-tools-for-stm32.11.3.rel1.linux64_1.1.100.202309141235/tools/bin/../lib/gcc/arm-none-eabi/11.3.1/../../../../arm-none-eabi/lib/thumb/v7e-m+fp/hard/libc_nano.a(libc_a-fwalk.o)
                0x000000000800169c                _fwalk_sglue
 .text._puts_r  0x00000000080016d8       0xa8 /opt/st/stm32cubeide_1.14.0_2/plugins/com.st.stm32cube.ide.mcu.externaltools.gnu-tools-for-stm32.11.3.rel1.linux64_1.1.100.202309141235/tools/bin/../lib/gcc/arm-none-eabi/11.3.1/../../../../arm-none-eabi/lib/thumb/v7e-m+fp/hard/libc_nano.a(libc_a-puts.o)
                0x00000000080016d8                _puts_r
 .text.puts     0x0000000008001780       0x10 /opt/st/stm32cubeide_1.14.0_2/plugins/com.st.stm32cube.ide.mcu.externaltools.gnu-tools-for-stm32.11.3.rel1.linux64_1.1.100.202309141235/tools/bin/../lib/gcc/arm-none-eabi/11.3.1/../../../../arm-none-eabi/lib/thumb/v7e-m+fp/hard/libc_nano.a(libc_a-puts.o)
                0x0000000008001780                puts
 .text.sprintf  0x0000000008001790       0x40 /opt/st/stm32cubeide_1.14.0_2/plugins/com.st.stm32cube.ide.mcu.externaltools.gnu-tools-for-stm32.11.3.rel1.linux64_1.1.100.202309141235/tools/bin/../lib/gcc/arm-none-eabi/11.3.1/../../../../arm-none-eabi/lib/thumb/v7e-m+fp/hard/libc_nano.a(libc_a-sprintf.o)
                0x0000000008001790                sprintf
                0x0000000008001790                siprintf
 .text.__sread  0x00000000080017d0       0x22 /opt/st/stm32cubeide_1.14.0_2/plugins/com.st.stm32cube.ide.mcu.externaltools.gnu-tools-for-stm32.11.3.rel1.linux64_1.1.100.202309141235/tools/bin/../lib/gcc/arm-none-eabi/11.3.1/../../../../arm-none-eabi/lib/thumb/v7e-m+fp/hard/libc_nano.a(libc_a-stdio.o)
                0x00000000080017d0                __sread
 .text.__swrite
                0x00000000080017f2       0x38 /opt/st/stm32cubeide_1.14.0_2/plugins/com.st.stm32cube.ide.mcu.externaltools.gnu-tools-for-stm32.11.3.rel1.linux64_1.1.100.202309141235/tools/bin/../lib/gcc/arm-none-eabi/11.3.1/../../../../arm-none-eabi/lib/thumb/v7e-m+fp/hard/libc_nano.a(libc_a-stdio.o)
                0x00000000080017f2                __swrite
 .text.__sseek  0x000000000800182a       0x24 /opt/st/stm32cubeide_1.14.0_2/plugins/com.st.stm32cube.ide.mcu.externaltools.gnu-tools-for-stm32.11.3.rel1.linux64_1.1.100.202309141235/tools/bin/../lib/gcc/arm-none-eabi/11.3.1/../../../../arm-none-eabi/lib/thumb/v7e-m+fp/hard/libc_nano.a(libc_a-stdio.o)
                0x000000000800182a                __sseek
 .text.__sclose
                0x000000000800184e        0x8 /opt/st/stm32cubeide_1.14.0_2/plugins/com.st.stm32cube.ide.mcu.externaltools.gnu-tools-for-stm32.11.3.rel1.linux64_1.1.100.202309141235/tools/bin/../lib/gcc/arm-none-eabi/11.3.1/../../../../arm-none-eabi/lib/thumb/v7e-m+fp/hard/libc_nano.a(libc_a-stdio.o)
                0x000000000800184e                __sclose
 .text.__swbuf_r
                0x0000000008001856       0x7a /opt/st/stm32cubeide_1.14.0_2/plugins/com.st.stm32cube.ide.mcu.externaltools.gnu-tools-for-stm32.11.3.rel1.linux64_1.1.100.202309141235/tools/bin/../lib/gcc/arm-none-eabi/11.3.1/../../../../arm-none-eabi/lib/thumb/v7e-m+fp/hard/libc_nano.a(libc_a-wbuf.o)
                0x0000000008001856                __swbuf_r
 .text.__swsetup_r
                0x00000000080018d0       0xb0 /opt/st/stm32cubeide_1.14.0_2/plugins/com.st.stm32cube.ide.mcu.externaltools.gnu-tools-for-stm32.11.3.rel1.linux64_1.1.100.202309141235/tools/bin/../lib/gcc/arm-none-eabi/11.3.1/../../../../arm-none-eabi/lib/thumb/v7e-m+fp/hard/libc_nano.a(libc_a-wsetup.o)
                0x00000000080018d0                __swsetup_r
 .text.memset   0x0000000008001980       0x10 /opt/st/stm32cubeide_1.14.0_2/plugins/com.st.stm32cube.ide.mcu.externaltools.gnu-tools-for-stm32.11.3.rel1.linux64_1.1.100.202309141235/tools/bin/../lib/gcc/arm-none-eabi/11.3.1/../../../../arm-none-eabi/lib/thumb/v7e-m+fp/hard/libc_nano.a(libc_a-memset.o)
                0x0000000008001980                memset
 .text._close_r
                0x0000000008001990       0x20 /opt/st/stm32cubeide_1.14.0_2/plugins/com.st.stm32cube.ide.mcu.externaltools.gnu-tools-for-stm32.11.3.rel1.linux64_1.1.100.202309141235/tools/bin/../lib/gcc/arm-none-eabi/11.3.1/../../../../arm-none-eabi/lib/thumb/v7e-m+fp/hard/libc_nano.a(libc_a-closer.o)
                0x0000000008001990                _close_r
 .text._lseek_r
                0x00000000080019b0       0x24 /opt/st/stm32cubeide_1.14.0_2/plugins/com.st.stm32cube.ide.mcu.externaltools.gnu-tools-for-stm32.11.3.rel1.linux64_1.1.100.202309141235/tools/bin/../lib/gcc/arm-none-eabi/11.3.1/../../../../arm-none-eabi/lib/thumb/v7e-m+fp/hard/libc_nano.a(libc_a-lseekr.o)
                0x00000000080019b0                _lseek_r
 .text._read_r  0x00000000080019d4       0x24 /opt/st/stm32cubeide_1.14.0_2/plugins/com.st.stm32cube.ide.mcu.externaltools.gnu-tools-for-stm32.11.3.rel1.linux64_1.1.100.202309141235/tools/bin/../lib/gcc/arm-none-eabi/11.3.1/../../../../arm-none-eabi/lib/thumb/v7e-m+fp/hard/libc_nano.a(libc_a-readr.o)
                0x00000000080019d4                _read_r
 .text._write_r
                0x00000000080019f8       0x24 /opt/st/stm32cubeide_1.14.0_2/plugins/com.st.stm32cube.ide.mcu.externaltools.gnu-tools-for-stm32.11.3.rel1.linux64_1.1.100.202309141235/tools/bin/../lib/gcc/arm-none-eabi/11.3.1/../../../../arm-none-eabi/lib/thumb/v7e-m+fp/hard/libc_nano.a(libc_a-writer.o)
                0x00000000080019f8                _write_r
 .text.__errno  0x0000000008001a1c        0xc /opt/st/stm32cubeide_1.14.0_2/plugins/com.st.stm32cube.ide.mcu.externaltools.gnu-tools-for-stm32.11.3.rel1.linux64_1.1.100.202309141235/tools/bin/../lib/gcc/arm-none-eabi/11.3.1/../../../../arm-none-eabi/lib/thumb/v7e-m+fp/hard/libc_nano.a(libc_a-errno.o)
                0x0000000008001a1c                __errno
 .text.__libc_init_array
                0x0000000008001a28       0x48 /opt/st/stm32cubeide_1.14.0_2/plugins/com.st.stm32cube.ide.mcu.externaltools.gnu-tools-for-stm32.11.3.rel1.linux64_1.1.100.202309141235/tools/bin/../lib/gcc/arm-none-eabi/11.3.1/../../../../arm-none-eabi/lib/thumb/v7e-m+fp/hard/libc_nano.a(libc_a-init.o)
                0x0000000008001a28                __libc_init_array
 .text.__retarget_lock_init_recursive
                0x0000000008001a70        0x2 /opt/st/stm32cubeide_1.14.0_2/plugins/com.st.stm32cube.ide.mcu.externaltools.gnu-tools-for-stm32.11.3.rel1.linux64_1.1.100.202309141235/tools/bin/../lib/gcc/arm-none-eabi/11.3.1/../../../../arm-none-eabi/lib/thumb/v7e-m+fp/hard/libc_nano.a(libc_a-lock.o)
                0x0000000008001a70                __retarget_lock_init_recursive
 .text.__retarget_lock_acquire_recursive
                0x0000000008001a72        0x2 /opt/st/stm32cubeide_1.14.0_2/plugins/com.st.stm32cube.ide.mcu.externaltools.gnu-tools-for-stm32.11.3.rel1.linux64_1.1.100.202309141235/tools/bin/../lib/gcc/arm-none-eabi/11.3.1/../../../../arm-none-eabi/lib/thumb/v7e-m+fp/hard/libc_nano.a(libc_a-lock.o)
                0x0000000008001a72                __retarget_lock_acquire_recursive
 .text.__retarget_lock_release_recursive
                0x0000000008001a74        0x2 /opt/st/stm32cubeide_1.14.0_2/plugins/com.st.stm32cube.ide.mcu.externaltools.gnu-tools-for-stm32.11.3.rel1.linux64_1.1.100.202309141235/tools/bin/../lib/gcc/arm-none-eabi/11.3.1/../../../../arm-none-eabi/lib/thumb/v7e-m+fp/hard/libc_nano.a(libc_a-lock.o)
                0x0000000008001a74                __retarget_lock_release_recursive
 *fill*         0x0000000008001a76        0x2 
 .text._free_r  0x0000000008001a78       0x98 /opt/st/stm32cubeide_1.14.0_2/plugins/com.st.stm32cube.ide.mcu.externaltools.gnu-tools-for-stm32.11.3.rel1.linux64_1.1.100.202309141235/tools/bin/../lib/gcc/arm-none-eabi/11.3.1/../../../../arm-none-eabi/lib/thumb/v7e-m+fp/hard/libc_nano.a(libc_a-freer.o)
                0x0000000008001a78                _free_r
 .text.sbrk_aligned
                0x0000000008001b10       0x40 /opt/st/stm32cubeide_1.14.0_2/plugins/com.st.stm32cube.ide.mcu.externaltools.gnu-tools-for-stm32.11.3.rel1.linux64_1.1.100.202309141235/tools/bin/../lib/gcc/arm-none-eabi/11.3.1/../../../../arm-none-eabi/lib/thumb/v7e-m+fp/hard/libc_nano.a(libc_a-mallocr.o)
 .text._malloc_r
                0x0000000008001b50      0x100 /opt/st/stm32cubeide_1.14.0_2/plugins/com.st.stm32cube.ide.mcu.externaltools.gnu-tools-for-stm32.11.3.rel1.linux64_1.1.100.202309141235/tools/bin/../lib/gcc/arm-none-eabi/11.3.1/../../../../arm-none-eabi/lib/thumb/v7e-m+fp/hard/libc_nano.a(libc_a-mallocr.o)
                0x0000000008001b50                _malloc_r
 .text.__malloc_lock
                0x0000000008001c50        0xc /opt/st/stm32cubeide_1.14.0_2/plugins/com.st.stm32cube.ide.mcu.externaltools.gnu-tools-for-stm32.11.3.rel1.linux64_1.1.100.202309141235/tools/bin/../lib/gcc/arm-none-eabi/11.3.1/../../../../arm-none-eabi/lib/thumb/v7e-m+fp/hard/libc_nano.a(libc_a-mlock.o)
                0x0000000008001c50                __malloc_lock
 .text.__malloc_unlock
                0x0000000008001c5c        0xc /opt/st/stm32cubeide_1.14.0_2/plugins/com.st.stm32cube.ide.mcu.externaltools.gnu-tools-for-stm32.11.3.rel1.linux64_1.1.100.202309141235/tools/bin/../lib/gcc/arm-none-eabi/11.3.1/../../../../arm-none-eabi/lib/thumb/v7e-m+fp/hard/libc_nano.a(libc_a-mlock.o)
                0x0000000008001c5c                __malloc_unlock
 .text.__ssputs_r
                0x0000000008001c68       0xb4 /opt/st/stm32cubeide_1.14.0_2/plugins/com.st.stm32cube.ide.mcu.externaltools.gnu-tools-for-stm32.11.3.rel1.linux64_1.1.100.202309141235/tools/bin/../lib/gcc/arm-none-eabi/11.3.1/../../../../arm-none-eabi/lib/thumb/v7e-m+fp/hard/libc_nano.a(libc_a-nano-svfprintf.o)
                0x0000000008001c68                __ssputs_r
 .text._svfprintf_r
                0x0000000008001d1c      0x1fc /opt/st/stm32cubeide_1.14.0_2/plugins/com.st.stm32cube.ide.mcu.externaltools.gnu-tools-for-stm32.11.3.rel1.linux64_1.1.100.202309141235/tools/bin/../lib/gcc/arm-none-eabi/11.3.1/../../../../arm-none-eabi/lib/thumb/v7e-m+fp/hard/libc_nano.a(libc_a-nano-svfprintf.o)
                0x0000000008001d1c                _svfprintf_r
                0x0000000008001d1c                _svfiprintf_r
 .text._printf_common
                0x0000000008001f18       0xda /opt/st/stm32cubeide_1.14.0_2/plugins/com.st.stm32cube.ide.mcu.externaltools.gnu-tools-for-stm32.11.3.rel1.linux64_1.1.100.202309141235/tools/bin/../lib/gcc/arm-none-eabi/11.3.1/../../../../arm-none-eabi/lib/thumb/v7e-m+fp/hard/libc_nano.a(libc_a-nano-vfprintf_i.o)
                0x0000000008001f18                _printf_common
 *fill*         0x0000000008001ff2        0x2 
 .text._printf_i
                0x0000000008001ff4      0x244 /opt/st/stm32cubeide_1.14.0_2/plugins/com.st.stm32cube.ide.mcu.externaltools.gnu-tools-for-stm32.11.3.rel1.linux64_1.1.100.202309141235/tools/bin/../lib/gcc/arm-none-eabi/11.3.1/../../../../arm-none-eabi/lib/thumb/v7e-m+fp/hard/libc_nano.a(libc_a-nano-vfprintf_i.o)
                0x0000000008001ff4                _printf_i
 .text.__sflush_r
                0x0000000008002238      0x10c /opt/st/stm32cubeide_1.14.0_2/plugins/com.st.stm32cube.ide.mcu.externaltools.gnu-tools-for-stm32.11.3.rel1.linux64_1.1.100.202309141235/tools/bin/../lib/gcc/arm-none-eabi/11.3.1/../../../../arm-none-eabi/lib/thumb/v7e-m+fp/hard/libc_nano.a(libc_a-fflush.o)
                0x0000000008002238                __sflush_r
 .text._fflush_r
                0x0000000008002344       0x50 /opt/st/stm32cubeide_1.14.0_2/plugins/com.st.stm32cube.ide.mcu.externaltools.gnu-tools-for-stm32.11.3.rel1.linux64_1.1.100.202309141235/tools/bin/../lib/gcc/arm-none-eabi/11.3.1/../../../../arm-none-eabi/lib/thumb/v7e-m+fp/hard/libc_nano.a(libc_a-fflush.o)
                0x0000000008002344                _fflush_r
 .text.__swhatbuf_r
                0x0000000008002394       0x4c /opt/st/stm32cubeide_1.14.0_2/plugins/com.st.stm32cube.ide.mcu.externaltools.gnu-tools-for-stm32.11.3.rel1.linux64_1.1.100.202309141235/tools/bin/../lib/gcc/arm-none-eabi/11.3.1/../../../../arm-none-eabi/lib/thumb/v7e-m+fp/hard/libc_nano.a(libc_a-makebuf.o)
                0x0000000008002394                __swhatbuf_r
 .text.__smakebuf_r
                0x00000000080023e0       0x78 /opt/st/stm32cubeide_1.14.0_2/plugins/com.st.stm32cube.ide.mcu.externaltools.gnu-tools-for-stm32.11.3.rel1.linux64_1.1.100.202309141235/tools/bin/../lib/gcc/arm-none-eabi/11.3.1/../../../../arm-none-eabi/lib/thumb/v7e-m+fp/hard/libc_nano.a(libc_a-makebuf.o)
                0x00000000080023e0                __smakebuf_r
 .text.memmove  0x0000000008002458       0x34 /opt/st/stm32cubeide_1.14.0_2/plugins/com.st.stm32cube.ide.mcu.externaltools.gnu-tools-for-stm32.11.3.rel1.linux64_1.1.100.202309141235/tools/bin/../lib/gcc/arm-none-eabi/11.3.1/../../../../arm-none-eabi/lib/thumb/v7e-m+fp/hard/libc_nano.a(libc_a-memmove.o)
                0x0000000008002458                memmove
 .text._fstat_r
                0x000000000800248c       0x24 /opt/st/stm32cubeide_1.14.0_2/plugins/com.st.stm32cube.ide.mcu.externaltools.gnu-tools-for-stm32.11.3.rel1.linux64_1.1.100.202309141235/tools/bin/../lib/gcc/arm-none-eabi/11.3.1/../../../../arm-none-eabi/lib/thumb/v7e-m+fp/hard/libc_nano.a(libc_a-fstatr.o)
                0x000000000800248c                _fstat_r
 .text._isatty_r
                0x00000000080024b0       0x20 /opt/st/stm32cubeide_1.14.0_2/plugins/com.st.stm32cube.ide.mcu.externaltools.gnu-tools-for-stm32.11.3.rel1.linux64_1.1.100.202309141235/tools/bin/../lib/gcc/arm-none-eabi/11.3.1/../../../../arm-none-eabi/lib/thumb/v7e-m+fp/hard/libc_nano.a(libc_a-isattyr.o)
                0x00000000080024b0                _isatty_r
 .text._sbrk_r  0x00000000080024d0       0x20 /opt/st/stm32cubeide_1.14.0_2/plugins/com.st.stm32cube.ide.mcu.externaltools.gnu-tools-for-stm32.11.3.rel1.linux64_1.1.100.202309141235/tools/bin/../lib/gcc/arm-none-eabi/11.3.1/../../../../arm-none-eabi/lib/thumb/v7e-m+fp/hard/libc_nano.a(libc_a-sbrkr.o)
                0x00000000080024d0                _sbrk_r
 .text.memcpy   0x00000000080024f0       0x1c /opt/st/stm32cubeide_1.14.0_2/plugins/com.st.stm32cube.ide.mcu.externaltools.gnu-tools-for-stm32.11.3.rel1.linux64_1.1.100.202309141235/tools/bin/../lib/gcc/arm-none-eabi/11.3.1/../../../../arm-none-eabi/lib/thumb/v7e-m+fp/hard/libc_nano.a(libc_a-memcpy-stub.o)
                0x00000000080024f0                memcpy
 .text._realloc_r
                0x000000000800250c       0x5e /opt/st/stm32cubeide_1.14.0_2/plugins/com.st.stm32cube.ide.mcu.externaltools.gnu-tools-for-stm32.11.3.rel1.linux64_1.1.100.202309141235/tools/bin/../lib/gcc/arm-none-eabi/11.3.1/../../../../arm-none-eabi/lib/thumb/v7e-m+fp/hard/libc_nano.a(libc_a-reallocr.o)
                0x000000000800250c                _realloc_r
 .text._malloc_usable_size_r
                0x000000000800256a       0x10 /opt/st/stm32cubeide_1.14.0_2/plugins/com.st.stm32cube.ide.mcu.externaltools.gnu-tools-for-stm32.11.3.rel1.linux64_1.1.100.202309141235/tools/bin/../lib/gcc/arm-none-eabi/11.3.1/../../../../arm-none-eabi/lib/thumb/v7e-m+fp/hard/libc_nano.a(libc_a-msizer.o)
                0x000000000800256a                _malloc_usable_size_r
 *(.glue_7)
 .glue_7        0x000000000800257a        0x0 linker stubs
 *(.glue_7t)
 .glue_7t       0x000000000800257a        0x0 linker stubs
 *(.eh_frame)
 *fill*         0x000000000800257a        0x2 
 .eh_frame      0x000000000800257c        0x0 /opt/st/stm32cubeide_1.14.0_2/plugins/com.st.stm32cube.ide.mcu.externaltools.gnu-tools-for-stm32.11.3.rel1.linux64_1.1.100.202309141235/tools/bin/../lib/gcc/arm-none-eabi/11.3.1/thumb/v7e-m+fp/hard/crtbegin.o
 *(.init)
 .init          0x000000000800257c        0x4 /opt/st/stm32cubeide_1.14.0_2/plugins/com.st.stm32cube.ide.mcu.externaltools.gnu-tools-for-stm32.11.3.rel1.linux64_1.1.100.202309141235/tools/bin/../lib/gcc/arm-none-eabi/11.3.1/thumb/v7e-m+fp/hard/crti.o
                0x000000000800257c                _init
 .init          0x0000000008002580        0x8 /opt/st/stm32cubeide_1.14.0_2/plugins/com.st.stm32cube.ide.mcu.externaltools.gnu-tools-for-stm32.11.3.rel1.linux64_1.1.100.202309141235/tools/bin/../lib/gcc/arm-none-eabi/11.3.1/thumb/v7e-m+fp/hard/crtn.o
 *(.fini)
 .fini          0x0000000008002588        0x4 /opt/st/stm32cubeide_1.14.0_2/plugins/com.st.stm32cube.ide.mcu.externaltools.gnu-tools-for-stm32.11.3.rel1.linux64_1.1.100.202309141235/tools/bin/../lib/gcc/arm-none-eabi/11.3.1/thumb/v7e-m+fp/hard/crti.o
                0x0000000008002588                _fini
 .fini          0x000000000800258c        0x8 /opt/st/stm32cubeide_1.14.0_2/plugins/com.st.stm32cube.ide.mcu.externaltools.gnu-tools-for-stm32.11.3.rel1.linux64_1.1.100.202309141235/tools/bin/../lib/gcc/arm-none-eabi/11.3.1/thumb/v7e-m+fp/hard/crtn.o
                0x0000000008002594                . = ALIGN (0x4)
                0x0000000008002594                _etext = .

.vfp11_veneer   0x0000000008002594        0x0
 .vfp11_veneer  0x0000000008002594        0x0 linker stubs

.v4_bx          0x0000000008002594        0x0
 .v4_bx         0x0000000008002594        0x0 linker stubs

.iplt           0x0000000008002594        0x0
 .iplt          0x0000000008002594        0x0 /opt/st/stm32cubeide_1.14.0_2/plugins/com.st.stm32cube.ide.mcu.externaltools.gnu-tools-for-stm32.11.3.rel1.linux64_1.1.100.202309141235/tools/bin/../lib/gcc/arm-none-eabi/11.3.1/thumb/v7e-m+fp/hard/crtbegin.o

.rodata         0x0000000008002594       0xac
                0x0000000008002594                . = ALIGN (0x4)
 *(.rodata)
 .rodata        0x0000000008002594       0x5d ./Core/Src/main.o
 *(.rodata*)
 *fill*         0x00000000080025f1        0x3 
 .rodata.AHBPrescTable
                0x00000000080025f4       0x10 ./Core/Src/system_stm32f4xx.o
                0x00000000080025f4                AHBPrescTable
 .rodata.APBPrescTable
                0x0000000008002604        0x8 ./Core/Src/system_stm32f4xx.o
                0x0000000008002604                APBPrescTable
 .rodata._svfprintf_r.str1.1
                0x000000000800260c       0x11 /opt/st/stm32cubeide_1.14.0_2/plugins/com.st.stm32cube.ide.mcu.externaltools.gnu-tools-for-stm32.11.3.rel1.linux64_1.1.100.202309141235/tools/bin/../lib/gcc/arm-none-eabi/11.3.1/../../../../arm-none-eabi/lib/thumb/v7e-m+fp/hard/libc_nano.a(libc_a-nano-svfprintf.o)
 .rodata._printf_i.str1.1
                0x000000000800261d       0x22 /opt/st/stm32cubeide_1.14.0_2/plugins/com.st.stm32cube.ide.mcu.externaltools.gnu-tools-for-stm32.11.3.rel1.linux64_1.1.100.202309141235/tools/bin/../lib/gcc/arm-none-eabi/11.3.1/../../../../arm-none-eabi/lib/thumb/v7e-m+fp/hard/libc_nano.a(libc_a-nano-vfprintf_i.o)
                0x0000000008002640                . = ALIGN (0x4)
 *fill*         0x000000000800263f        0x1 

.ARM.extab      0x0000000008002640        0x0
                0x0000000008002640                . = ALIGN (0x4)
 *(.ARM.extab* .gnu.linkonce.armextab.*)
                0x0000000008002640                . = ALIGN (0x4)

.ARM            0x0000000008002640        0x8
                0x0000000008002640                . = ALIGN (0x4)
                0x0000000008002640                __exidx_start = .
 *(.ARM.exidx*)
 .ARM.exidx     0x0000000008002640        0x8 /opt/st/stm32cubeide_1.14.0_2/plugins/com.st.stm32cube.ide.mcu.externaltools.gnu-tools-for-stm32.11.3.rel1.linux64_1.1.100.202309141235/tools/bin/../lib/gcc/arm-none-eabi/11.3.1/thumb/v7e-m+fp/hard/libgcc.a(_udivmoddi4.o)
                0x0000000008002648                __exidx_end = .
                0x0000000008002648                . = ALIGN (0x4)

.rel.dyn        0x0000000008002648        0x0
 .rel.iplt      0x0000000008002648        0x0 /opt/st/stm32cubeide_1.14.0_2/plugins/com.st.stm32cube.ide.mcu.externaltools.gnu-tools-for-stm32.11.3.rel1.linux64_1.1.100.202309141235/tools/bin/../lib/gcc/arm-none-eabi/11.3.1/thumb/v7e-m+fp/hard/crtbegin.o

.preinit_array  0x0000000008002648        0x0
                0x0000000008002648                . = ALIGN (0x4)
                0x0000000008002648                PROVIDE (__preinit_array_start = .)
 *(.preinit_array*)
                0x0000000008002648                PROVIDE (__preinit_array_end = .)
                0x0000000008002648                . = ALIGN (0x4)

.init_array     0x0000000008002648        0x4
                0x0000000008002648                . = ALIGN (0x4)
                0x0000000008002648                PROVIDE (__init_array_start = .)
 *(SORT_BY_NAME(.init_array.*))
 *(.init_array*)
 .init_array    0x0000000008002648        0x4 /opt/st/stm32cubeide_1.14.0_2/plugins/com.st.stm32cube.ide.mcu.externaltools.gnu-tools-for-stm32.11.3.rel1.linux64_1.1.100.202309141235/tools/bin/../lib/gcc/arm-none-eabi/11.3.1/thumb/v7e-m+fp/hard/crtbegin.o
                0x000000000800264c                PROVIDE (__init_array_end = .)
                0x000000000800264c                . = ALIGN (0x4)

.fini_array     0x000000000800264c        0x4
                0x000000000800264c                . = ALIGN (0x4)
                [!provide]                        PROVIDE (__fini_array_start = .)
 *(SORT_BY_NAME(.fini_array.*))
 *(.fini_array*)
 .fini_array    0x000000000800264c        0x4 /opt/st/stm32cubeide_1.14.0_2/plugins/com.st.stm32cube.ide.mcu.externaltools.gnu-tools-for-stm32.11.3.rel1.linux64_1.1.100.202309141235/tools/bin/../lib/gcc/arm-none-eabi/11.3.1/thumb/v7e-m+fp/hard/crtbegin.o
                [!provide]                        PROVIDE (__fini_array_end = .)
                0x0000000008002650                . = ALIGN (0x4)
                0x0000000008002650                _sidata = LOADADDR (.data)

.data           0x0000000020000000       0x68 load address 0x0000000008002650
                0x0000000020000000                . = ALIGN (0x4)
                0x0000000020000000                _sdata = .
 *(.data)
 *(.data*)
 .data.SystemCoreClock
                0x0000000020000000        0x4 ./Core/Src/system_stm32f4xx.o
                0x0000000020000000                SystemCoreClock
 .data.uwTickPrio
                0x0000000020000004        0x4 ./Drivers/STM32F4xx_HAL_Driver/Src/stm32f4xx_hal.o
                0x0000000020000004                uwTickPrio
 .data.uwTickFreq
                0x0000000020000008        0x1 ./Drivers/STM32F4xx_HAL_Driver/Src/stm32f4xx_hal.o
                0x0000000020000008                uwTickFreq
 *fill*         0x0000000020000009        0x3 
 .data.__sglue  0x000000002000000c        0xc /opt/st/stm32cubeide_1.14.0_2/plugins/com.st.stm32cube.ide.mcu.externaltools.gnu-tools-for-stm32.11.3.rel1.linux64_1.1.100.202309141235/tools/bin/../lib/gcc/arm-none-eabi/11.3.1/../../../../arm-none-eabi/lib/thumb/v7e-m+fp/hard/libc_nano.a(libc_a-findfp.o)
                0x000000002000000c                __sglue
 .data._impure_data
                0x0000000020000018       0x4c /opt/st/stm32cubeide_1.14.0_2/plugins/com.st.stm32cube.ide.mcu.externaltools.gnu-tools-for-stm32.11.3.rel1.linux64_1.1.100.202309141235/tools/bin/../lib/gcc/arm-none-eabi/11.3.1/../../../../arm-none-eabi/lib/thumb/v7e-m+fp/hard/libc_nano.a(libc_a-impure.o)
                0x0000000020000018                _impure_data
 .data._impure_ptr
                0x0000000020000064        0x4 /opt/st/stm32cubeide_1.14.0_2/plugins/com.st.stm32cube.ide.mcu.externaltools.gnu-tools-for-stm32.11.3.rel1.linux64_1.1.100.202309141235/tools/bin/../lib/gcc/arm-none-eabi/11.3.1/../../../../arm-none-eabi/lib/thumb/v7e-m+fp/hard/libc_nano.a(libc_a-impure.o)
                0x0000000020000064                _impure_ptr
 *(.RamFunc)
 *(.RamFunc*)
                0x0000000020000068                . = ALIGN (0x4)
                0x0000000020000068                _edata = .
                0x00000000080026b8                _siccmram = LOADADDR (.ccmram)

.igot.plt       0x0000000020000068        0x0 load address 0x00000000080026b8
 .igot.plt      0x0000000020000068        0x0 /opt/st/stm32cubeide_1.14.0_2/plugins/com.st.stm32cube.ide.mcu.externaltools.gnu-tools-for-stm32.11.3.rel1.linux64_1.1.100.202309141235/tools/bin/../lib/gcc/arm-none-eabi/11.3.1/thumb/v7e-m+fp/hard/crtbegin.o

.ccmram         0x0000000010000000        0x0 load address 0x00000000080026b8
                0x0000000010000000                . = ALIGN (0x4)
                0x0000000010000000                _sccmram = .
 *(.ccmram)
 *(.ccmram*)
                0x0000000010000000                . = ALIGN (0x4)
                0x0000000010000000                _eccmram = .
                0x0000000010000000                . = ALIGN (0x4)

.bss            0x0000000020000068      0x170
                0x0000000020000068                _sbss = .
                0x0000000020000068                __bss_start__ = _sbss
 *(.bss)
 .bss           0x0000000020000068       0x1c /opt/st/stm32cubeide_1.14.0_2/plugins/com.st.stm32cube.ide.mcu.externaltools.gnu-tools-for-stm32.11.3.rel1.linux64_1.1.100.202309141235/tools/bin/../lib/gcc/arm-none-eabi/11.3.1/thumb/v7e-m+fp/hard/crtbegin.o
 *(.bss*)
 .bss.__sbrk_heap_end
                0x0000000020000084        0x4 ./Core/Src/sysmem.o
 .bss.uwTick    0x0000000020000088        0x4 ./Drivers/STM32F4xx_HAL_Driver/Src/stm32f4xx_hal.o
                0x0000000020000088                uwTick
 .bss.__sf      0x000000002000008c      0x138 /opt/st/stm32cubeide_1.14.0_2/plugins/com.st.stm32cube.ide.mcu.externaltools.gnu-tools-for-stm32.11.3.rel1.linux64_1.1.100.202309141235/tools/bin/../lib/gcc/arm-none-eabi/11.3.1/../../../../arm-none-eabi/lib/thumb/v7e-m+fp/hard/libc_nano.a(libc_a-findfp.o)
                0x000000002000008c                __sf
 .bss.__stdio_exit_handler
                0x00000000200001c4        0x4 /opt/st/stm32cubeide_1.14.0_2/plugins/com.st.stm32cube.ide.mcu.externaltools.gnu-tools-for-stm32.11.3.rel1.linux64_1.1.100.202309141235/tools/bin/../lib/gcc/arm-none-eabi/11.3.1/../../../../arm-none-eabi/lib/thumb/v7e-m+fp/hard/libc_nano.a(libc_a-findfp.o)
                0x00000000200001c4                __stdio_exit_handler
 .bss.errno     0x00000000200001c8        0x4 /opt/st/stm32cubeide_1.14.0_2/plugins/com.st.stm32cube.ide.mcu.externaltools.gnu-tools-for-stm32.11.3.rel1.linux64_1.1.100.202309141235/tools/bin/../lib/gcc/arm-none-eabi/11.3.1/../../../../arm-none-eabi/lib/thumb/v7e-m+fp/hard/libc_nano.a(libc_a-reent.o)
                0x00000000200001c8                errno
 .bss.__lock___malloc_recursive_mutex
                0x00000000200001cc        0x1 /opt/st/stm32cubeide_1.14.0_2/plugins/com.st.stm32cube.ide.mcu.externaltools.gnu-tools-for-stm32.11.3.rel1.linux64_1.1.100.202309141235/tools/bin/../lib/gcc/arm-none-eabi/11.3.1/../../../../arm-none-eabi/lib/thumb/v7e-m+fp/hard/libc_nano.a(libc_a-lock.o)
                0x00000000200001cc                __lock___malloc_recursive_mutex
 .bss.__lock___sfp_recursive_mutex
                0x00000000200001cd        0x1 /opt/st/stm32cubeide_1.14.0_2/plugins/com.st.stm32cube.ide.mcu.externaltools.gnu-tools-for-stm32.11.3.rel1.linux64_1.1.100.202309141235/tools/bin/../lib/gcc/arm-none-eabi/11.3.1/../../../../arm-none-eabi/lib/thumb/v7e-m+fp/hard/libc_nano.a(libc_a-lock.o)
                0x00000000200001cd                __lock___sfp_recursive_mutex
 *fill*         0x00000000200001ce        0x2 
 .bss.__malloc_free_list
                0x00000000200001d0        0x4 /opt/st/stm32cubeide_1.14.0_2/plugins/com.st.stm32cube.ide.mcu.externaltools.gnu-tools-for-stm32.11.3.rel1.linux64_1.1.100.202309141235/tools/bin/../lib/gcc/arm-none-eabi/11.3.1/../../../../arm-none-eabi/lib/thumb/v7e-m+fp/hard/libc_nano.a(libc_a-mallocr.o)
                0x00000000200001d0                __malloc_free_list
 .bss.__malloc_sbrk_start
                0x00000000200001d4        0x4 /opt/st/stm32cubeide_1.14.0_2/plugins/com.st.stm32cube.ide.mcu.externaltools.gnu-tools-for-stm32.11.3.rel1.linux64_1.1.100.202309141235/tools/bin/../lib/gcc/arm-none-eabi/11.3.1/../../../../arm-none-eabi/lib/thumb/v7e-m+fp/hard/libc_nano.a(libc_a-mallocr.o)
                0x00000000200001d4                __malloc_sbrk_start
 *(COMMON)
                0x00000000200001d8                . = ALIGN (0x4)
                0x00000000200001d8                _ebss = .
                0x00000000200001d8                __bss_end__ = _ebss

._user_heap_stack
                0x00000000200001d8      0x600
                0x00000000200001d8                . = ALIGN (0x8)
                [!provide]                        PROVIDE (end = .)
                0x00000000200001d8                PROVIDE (_end = .)
                0x00000000200003d8                . = (. + _Min_Heap_Size)
 *fill*         0x00000000200001d8      0x200 
                0x00000000200007d8                . = (. + _Min_Stack_Size)
 *fill*         0x00000000200003d8      0x400 
                0x00000000200007d8                . = ALIGN (0x8)

/DISCARD/
 libc.a(*)
 libm.a(*)
 libgcc.a(*)

.ARM.attributes
                0x0000000000000000       0x30
 *(.ARM.attributes)
 .ARM.attributes
                0x0000000000000000       0x1e /opt/st/stm32cubeide_1.14.0_2/plugins/com.st.stm32cube.ide.mcu.externaltools.gnu-tools-for-stm32.11.3.rel1.linux64_1.1.100.202309141235/tools/bin/../lib/gcc/arm-none-eabi/11.3.1/thumb/v7e-m+fp/hard/crti.o
 .ARM.attributes
                0x000000000000001e       0x34 /opt/st/stm32cubeide_1.14.0_2/plugins/com.st.stm32cube.ide.mcu.externaltools.gnu-tools-for-stm32.11.3.rel1.linux64_1.1.100.202309141235/tools/bin/../lib/gcc/arm-none-eabi/11.3.1/thumb/v7e-m+fp/hard/crtbegin.o
 .ARM.attributes
                0x0000000000000052       0x34 ./Core/Src/it.o
 .ARM.attributes
                0x0000000000000086       0x34 ./Core/Src/main.o
 .ARM.attributes
                0x00000000000000ba       0x34 ./Core/Src/msp.o
 .ARM.attributes
                0x00000000000000ee       0x34 ./Core/Src/syscalls.o
 .ARM.attributes
                0x0000000000000122       0x34 ./Core/Src/sysmem.o
 .ARM.attributes
                0x0000000000000156       0x34 ./Core/Src/system_stm32f4xx.o
 .ARM.attributes
                0x000000000000018a       0x21 ./Core/Startup/startup_stm32f407vgtx.o
 .ARM.attributes
                0x00000000000001ab       0x34 ./Drivers/STM32F4xx_HAL_Driver/Src/stm32f4xx_hal.o
 .ARM.attributes
                0x00000000000001df       0x34 ./Drivers/STM32F4xx_HAL_Driver/Src/stm32f4xx_hal_cortex.o
 .ARM.attributes
                0x0000000000000213       0x34 ./Drivers/STM32F4xx_HAL_Driver/Src/stm32f4xx_hal_rcc.o
 .ARM.attributes
                0x0000000000000247       0x34 /opt/st/stm32cubeide_1.14.0_2/plugins/com.st.stm32cube.ide.mcu.externaltools.gnu-tools-for-stm32.11.3.rel1.linux64_1.1.100.202309141235/tools/bin/../lib/gcc/arm-none-eabi/11.3.1/../../../../arm-none-eabi/lib/thumb/v7e-m+fp/hard/libc_nano.a(libc_a-findfp.o)
 .ARM.attributes
                0x000000000000027b       0x34 /opt/st/stm32cubeide_1.14.0_2/plugins/com.st.stm32cube.ide.mcu.externaltools.gnu-tools-for-stm32.11.3.rel1.linux64_1.1.100.202309141235/tools/bin/../lib/gcc/arm-none-eabi/11.3.1/../../../../arm-none-eabi/lib/thumb/v7e-m+fp/hard/libc_nano.a(libc_a-fwalk.o)
 .ARM.attributes
                0x00000000000002af       0x34 /opt/st/stm32cubeide_1.14.0_2/plugins/com.st.stm32cube.ide.mcu.externaltools.gnu-tools-for-stm32.11.3.rel1.linux64_1.1.100.202309141235/tools/bin/../lib/gcc/arm-none-eabi/11.3.1/../../../../arm-none-eabi/lib/thumb/v7e-m+fp/hard/libc_nano.a(libc_a-puts.o)
 .ARM.attributes
                0x00000000000002e3       0x34 /opt/st/stm32cubeide_1.14.0_2/plugins/com.st.stm32cube.ide.mcu.externaltools.gnu-tools-for-stm32.11.3.rel1.linux64_1.1.100.202309141235/tools/bin/../lib/gcc/arm-none-eabi/11.3.1/../../../../arm-none-eabi/lib/thumb/v7e-m+fp/hard/libc_nano.a(libc_a-sprintf.o)
 .ARM.attributes
                0x0000000000000317       0x34 /opt/st/stm32cubeide_1.14.0_2/plugins/com.st.stm32cube.ide.mcu.externaltools.gnu-tools-for-stm32.11.3.rel1.linux64_1.1.100.202309141235/tools/bin/../lib/gcc/arm-none-eabi/11.3.1/../../../../arm-none-eabi/lib/thumb/v7e-m+fp/hard/libc_nano.a(libc_a-stdio.o)
 .ARM.attributes
                0x000000000000034b       0x34 /opt/st/stm32cubeide_1.14.0_2/plugins/com.st.stm32cube.ide.mcu.externaltools.gnu-tools-for-stm32.11.3.rel1.linux64_1.1.100.202309141235/tools/bin/../lib/gcc/arm-none-eabi/11.3.1/../../../../arm-none-eabi/lib/thumb/v7e-m+fp/hard/libc_nano.a(libc_a-wbuf.o)
 .ARM.attributes
                0x000000000000037f       0x34 /opt/st/stm32cubeide_1.14.0_2/plugins/com.st.stm32cube.ide.mcu.externaltools.gnu-tools-for-stm32.11.3.rel1.linux64_1.1.100.202309141235/tools/bin/../lib/gcc/arm-none-eabi/11.3.1/../../../../arm-none-eabi/lib/thumb/v7e-m+fp/hard/libc_nano.a(libc_a-wsetup.o)
 .ARM.attributes
                0x00000000000003b3       0x34 /opt/st/stm32cubeide_1.14.0_2/plugins/com.st.stm32cube.ide.mcu.externaltools.gnu-tools-for-stm32.11.3.rel1.linux64_1.1.100.202309141235/tools/bin/../lib/gcc/arm-none-eabi/11.3.1/../../../../arm-none-eabi/lib/thumb/v7e-m+fp/hard/libc_nano.a(libc_a-memset.o)
 .ARM.attributes
                0x00000000000003e7       0x34 /opt/st/stm32cubeide_1.14.0_2/plugins/com.st.stm32cube.ide.mcu.externaltools.gnu-tools-for-stm32.11.3.rel1.linux64_1.1.100.202309141235/tools/bin/../lib/gcc/arm-none-eabi/11.3.1/../../../../arm-none-eabi/lib/thumb/v7e-m+fp/hard/libc_nano.a(libc_a-closer.o)
 .ARM.attributes
                0x000000000000041b       0x34 /opt/st/stm32cubeide_1.14.0_2/plugins/com.st.stm32cube.ide.mcu.externaltools.gnu-tools-for-stm32.11.3.rel1.linux64_1.1.100.202309141235/tools/bin/../lib/gcc/arm-none-eabi/11.3.1/../../../../arm-none-eabi/lib/thumb/v7e-m+fp/hard/libc_nano.a(libc_a-reent.o)
 .ARM.attributes
                0x000000000000044f       0x34 /opt/st/stm32cubeide_1.14.0_2/plugins/com.st.stm32cube.ide.mcu.externaltools.gnu-tools-for-stm32.11.3.rel1.linux64_1.1.100.202309141235/tools/bin/../lib/gcc/arm-none-eabi/11.3.1/../../../../arm-none-eabi/lib/thumb/v7e-m+fp/hard/libc_nano.a(libc_a-impure.o)
 .ARM.attributes
                0x0000000000000483       0x34 /opt/st/stm32cubeide_1.14.0_2/plugins/com.st.stm32cube.ide.mcu.externaltools.gnu-tools-for-stm32.11.3.rel1.linux64_1.1.100.202309141235/tools/bin/../lib/gcc/arm-none-eabi/11.3.1/../../../../arm-none-eabi/lib/thumb/v7e-m+fp/hard/libc_nano.a(libc_a-lseekr.o)
 .ARM.attributes
                0x00000000000004b7       0x34 /opt/st/stm32cubeide_1.14.0_2/plugins/com.st.stm32cube.ide.mcu.externaltools.gnu-tools-for-stm32.11.3.rel1.linux64_1.1.100.202309141235/tools/bin/../lib/gcc/arm-none-eabi/11.3.1/../../../../arm-none-eabi/lib/thumb/v7e-m+fp/hard/libc_nano.a(libc_a-readr.o)
 .ARM.attributes
                0x00000000000004eb       0x34 /opt/st/stm32cubeide_1.14.0_2/plugins/com.st.stm32cube.ide.mcu.externaltools.gnu-tools-for-stm32.11.3.rel1.linux64_1.1.100.202309141235/tools/bin/../lib/gcc/arm-none-eabi/11.3.1/../../../../arm-none-eabi/lib/thumb/v7e-m+fp/hard/libc_nano.a(libc_a-writer.o)
 .ARM.attributes
                0x000000000000051f       0x34 /opt/st/stm32cubeide_1.14.0_2/plugins/com.st.stm32cube.ide.mcu.externaltools.gnu-tools-for-stm32.11.3.rel1.linux64_1.1.100.202309141235/tools/bin/../lib/gcc/arm-none-eabi/11.3.1/../../../../arm-none-eabi/lib/thumb/v7e-m+fp/hard/libc_nano.a(libc_a-errno.o)
 .ARM.attributes
                0x0000000000000553       0x34 /opt/st/stm32cubeide_1.14.0_2/plugins/com.st.stm32cube.ide.mcu.externaltools.gnu-tools-for-stm32.11.3.rel1.linux64_1.1.100.202309141235/tools/bin/../lib/gcc/arm-none-eabi/11.3.1/../../../../arm-none-eabi/lib/thumb/v7e-m+fp/hard/libc_nano.a(libc_a-init.o)
 .ARM.attributes
                0x0000000000000587       0x34 /opt/st/stm32cubeide_1.14.0_2/plugins/com.st.stm32cube.ide.mcu.externaltools.gnu-tools-for-stm32.11.3.rel1.linux64_1.1.100.202309141235/tools/bin/../lib/gcc/arm-none-eabi/11.3.1/../../../../arm-none-eabi/lib/thumb/v7e-m+fp/hard/libc_nano.a(libc_a-lock.o)
 .ARM.attributes
                0x00000000000005bb       0x34 /opt/st/stm32cubeide_1.14.0_2/plugins/com.st.stm32cube.ide.mcu.externaltools.gnu-tools-for-stm32.11.3.rel1.linux64_1.1.100.202309141235/tools/bin/../lib/gcc/arm-none-eabi/11.3.1/../../../../arm-none-eabi/lib/thumb/v7e-m+fp/hard/libc_nano.a(libc_a-freer.o)
 .ARM.attributes
                0x00000000000005ef       0x34 /opt/st/stm32cubeide_1.14.0_2/plugins/com.st.stm32cube.ide.mcu.externaltools.gnu-tools-for-stm32.11.3.rel1.linux64_1.1.100.202309141235/tools/bin/../lib/gcc/arm-none-eabi/11.3.1/../../../../arm-none-eabi/lib/thumb/v7e-m+fp/hard/libc_nano.a(libc_a-mallocr.o)
 .ARM.attributes
                0x0000000000000623       0x34 /opt/st/stm32cubeide_1.14.0_2/plugins/com.st.stm32cube.ide.mcu.externaltools.gnu-tools-for-stm32.11.3.rel1.linux64_1.1.100.202309141235/tools/bin/../lib/gcc/arm-none-eabi/11.3.1/../../../../arm-none-eabi/lib/thumb/v7e-m+fp/hard/libc_nano.a(libc_a-mlock.o)
 .ARM.attributes
                0x0000000000000657       0x34 /opt/st/stm32cubeide_1.14.0_2/plugins/com.st.stm32cube.ide.mcu.externaltools.gnu-tools-for-stm32.11.3.rel1.linux64_1.1.100.202309141235/tools/bin/../lib/gcc/arm-none-eabi/11.3.1/../../../../arm-none-eabi/lib/thumb/v7e-m+fp/hard/libc_nano.a(libc_a-nano-svfprintf.o)
 .ARM.attributes
                0x000000000000068b       0x34 /opt/st/stm32cubeide_1.14.0_2/plugins/com.st.stm32cube.ide.mcu.externaltools.gnu-tools-for-stm32.11.3.rel1.linux64_1.1.100.202309141235/tools/bin/../lib/gcc/arm-none-eabi/11.3.1/../../../../arm-none-eabi/lib/thumb/v7e-m+fp/hard/libc_nano.a(libc_a-nano-vfprintf_i.o)
 .ARM.attributes
                0x00000000000006bf       0x34 /opt/st/stm32cubeide_1.14.0_2/plugins/com.st.stm32cube.ide.mcu.externaltools.gnu-tools-for-stm32.11.3.rel1.linux64_1.1.100.202309141235/tools/bin/../lib/gcc/arm-none-eabi/11.3.1/../../../../arm-none-eabi/lib/thumb/v7e-m+fp/hard/libc_nano.a(libc_a-fflush.o)
 .ARM.attributes
                0x00000000000006f3       0x34 /opt/st/stm32cubeide_1.14.0_2/plugins/com.st.stm32cube.ide.mcu.externaltools.gnu-tools-for-stm32.11.3.rel1.linux64_1.1.100.202309141235/tools/bin/../lib/gcc/arm-none-eabi/11.3.1/../../../../arm-none-eabi/lib/thumb/v7e-m+fp/hard/libc_nano.a(libc_a-makebuf.o)
 .ARM.attributes
                0x0000000000000727       0x34 /opt/st/stm32cubeide_1.14.0_2/plugins/com.st.stm32cube.ide.mcu.externaltools.gnu-tools-for-stm32.11.3.rel1.linux64_1.1.100.202309141235/tools/bin/../lib/gcc/arm-none-eabi/11.3.1/../../../../arm-none-eabi/lib/thumb/v7e-m+fp/hard/libc_nano.a(libc_a-memmove.o)
 .ARM.attributes
                0x000000000000075b       0x34 /opt/st/stm32cubeide_1.14.0_2/plugins/com.st.stm32cube.ide.mcu.externaltools.gnu-tools-for-stm32.11.3.rel1.linux64_1.1.100.202309141235/tools/bin/../lib/gcc/arm-none-eabi/11.3.1/../../../../arm-none-eabi/lib/thumb/v7e-m+fp/hard/libc_nano.a(libc_a-fstatr.o)
 .ARM.attributes
                0x000000000000078f       0x34 /opt/st/stm32cubeide_1.14.0_2/plugins/com.st.stm32cube.ide.mcu.externaltools.gnu-tools-for-stm32.11.3.rel1.linux64_1.1.100.202309141235/tools/bin/../lib/gcc/arm-none-eabi/11.3.1/../../../../arm-none-eabi/lib/thumb/v7e-m+fp/hard/libc_nano.a(libc_a-isattyr.o)
 .ARM.attributes
                0x00000000000007c3       0x34 /opt/st/stm32cubeide_1.14.0_2/plugins/com.st.stm32cube.ide.mcu.externaltools.gnu-tools-for-stm32.11.3.rel1.linux64_1.1.100.202309141235/tools/bin/../lib/gcc/arm-none-eabi/11.3.1/../../../../arm-none-eabi/lib/thumb/v7e-m+fp/hard/libc_nano.a(libc_a-sbrkr.o)
 .ARM.attributes
                0x00000000000007f7       0x1c /opt/st/stm32cubeide_1.14.0_2/plugins/com.st.stm32cube.ide.mcu.externaltools.gnu-tools-for-stm32.11.3.rel1.linux64_1.1.100.202309141235/tools/bin/../lib/gcc/arm-none-eabi/11.3.1/../../../../arm-none-eabi/lib/thumb/v7e-m+fp/hard/libc_nano.a(libc_a-memchr.o)
 .ARM.attributes
                0x0000000000000813       0x34 /opt/st/stm32cubeide_1.14.0_2/plugins/com.st.stm32cube.ide.mcu.externaltools.gnu-tools-for-stm32.11.3.rel1.linux64_1.1.100.202309141235/tools/bin/../lib/gcc/arm-none-eabi/11.3.1/../../../../arm-none-eabi/lib/thumb/v7e-m+fp/hard/libc_nano.a(libc_a-memcpy-stub.o)
 .ARM.attributes
                0x0000000000000847       0x34 /opt/st/stm32cubeide_1.14.0_2/plugins/com.st.stm32cube.ide.mcu.externaltools.gnu-tools-for-stm32.11.3.rel1.linux64_1.1.100.202309141235/tools/bin/../lib/gcc/arm-none-eabi/11.3.1/../../../../arm-none-eabi/lib/thumb/v7e-m+fp/hard/libc_nano.a(libc_a-reallocr.o)
 .ARM.attributes
                0x000000000000087b       0x34 /opt/st/stm32cubeide_1.14.0_2/plugins/com.st.stm32cube.ide.mcu.externaltools.gnu-tools-for-stm32.11.3.rel1.linux64_1.1.100.202309141235/tools/bin/../lib/gcc/arm-none-eabi/11.3.1/../../../../arm-none-eabi/lib/thumb/v7e-m+fp/hard/libc_nano.a(libc_a-msizer.o)
 .ARM.attributes
                0x00000000000008af       0x1e /opt/st/stm32cubeide_1.14.0_2/plugins/com.st.stm32cube.ide.mcu.externaltools.gnu-tools-for-stm32.11.3.rel1.linux64_1.1.100.202309141235/tools/bin/../lib/gcc/arm-none-eabi/11.3.1/thumb/v7e-m+fp/hard/libgcc.a(_aeabi_uldivmod.o)
 .ARM.attributes
                0x00000000000008cd       0x34 /opt/st/stm32cubeide_1.14.0_2/plugins/com.st.stm32cube.ide.mcu.externaltools.gnu-tools-for-stm32.11.3.rel1.linux64_1.1.100.202309141235/tools/bin/../lib/gcc/arm-none-eabi/11.3.1/thumb/v7e-m+fp/hard/libgcc.a(_udivmoddi4.o)
 .ARM.attributes
                0x0000000000000901       0x1e /opt/st/stm32cubeide_1.14.0_2/plugins/com.st.stm32cube.ide.mcu.externaltools.gnu-tools-for-stm32.11.3.rel1.linux64_1.1.100.202309141235/tools/bin/../lib/gcc/arm-none-eabi/11.3.1/thumb/v7e-m+fp/hard/libgcc.a(_dvmd_tls.o)
 .ARM.attributes
                0x000000000000091f       0x1e /opt/st/stm32cubeide_1.14.0_2/plugins/com.st.stm32cube.ide.mcu.externaltools.gnu-tools-for-stm32.11.3.rel1.linux64_1.1.100.202309141235/tools/bin/../lib/gcc/arm-none-eabi/11.3.1/thumb/v7e-m+fp/hard/crtn.o
OUTPUT(006_Timers_basic_timers.elf elf32-littlearm)
LOAD linker stubs
LOAD /opt/st/stm32cubeide_1.14.0_2/plugins/com.st.stm32cube.ide.mcu.externaltools.gnu-tools-for-stm32.11.3.rel1.linux64_1.1.100.202309141235/tools/bin/../lib/gcc/arm-none-eabi/11.3.1/../../../../arm-none-eabi/lib/thumb/v7e-m+fp/hard/libc.a
LOAD /opt/st/stm32cubeide_1.14.0_2/plugins/com.st.stm32cube.ide.mcu.externaltools.gnu-tools-for-stm32.11.3.rel1.linux64_1.1.100.202309141235/tools/bin/../lib/gcc/arm-none-eabi/11.3.1/../../../../arm-none-eabi/lib/thumb/v7e-m+fp/hard/libm.a
LOAD /opt/st/stm32cubeide_1.14.0_2/plugins/com.st.stm32cube.ide.mcu.externaltools.gnu-tools-for-stm32.11.3.rel1.linux64_1.1.100.202309141235/tools/bin/../lib/gcc/arm-none-eabi/11.3.1/thumb/v7e-m+fp/hard/libgcc.a

.comment        0x0000000000000000       0x43
 .comment       0x0000000000000000       0x43 /opt/st/stm32cubeide_1.14.0_2/plugins/com.st.stm32cube.ide.mcu.externaltools.gnu-tools-for-stm32.11.3.rel1.linux64_1.1.100.202309141235/tools/bin/../lib/gcc/arm-none-eabi/11.3.1/thumb/v7e-m+fp/hard/crtbegin.o
                                         0x44 (size before relaxing)
 .comment       0x0000000000000043       0x44 ./Core/Src/it.o
 .comment       0x0000000000000043       0x44 ./Core/Src/main.o
 .comment       0x0000000000000043       0x44 ./Core/Src/msp.o
 .comment       0x0000000000000043       0x44 ./Core/Src/syscalls.o
 .comment       0x0000000000000043       0x44 ./Core/Src/sysmem.o
 .comment       0x0000000000000043       0x44 ./Core/Src/system_stm32f4xx.o
 .comment       0x0000000000000043       0x44 ./Drivers/STM32F4xx_HAL_Driver/Src/stm32f4xx_hal.o
 .comment       0x0000000000000043       0x44 ./Drivers/STM32F4xx_HAL_Driver/Src/stm32f4xx_hal_cortex.o
 .comment       0x0000000000000043       0x44 ./Drivers/STM32F4xx_HAL_Driver/Src/stm32f4xx_hal_rcc.o

.debug_info     0x0000000000000000     0x35b2
 .debug_info    0x0000000000000000       0x9b ./Core/Src/it.o
 .debug_info    0x000000000000009b      0x37d ./Core/Src/main.o
 .debug_info    0x0000000000000418      0x4ad ./Core/Src/msp.o
 .debug_info    0x00000000000008c5      0x6d1 ./Core/Src/syscalls.o
 .debug_info    0x0000000000000f96      0x168 ./Core/Src/sysmem.o
 .debug_info    0x00000000000010fe      0x512 ./Core/Src/system_stm32f4xx.o
 .debug_info    0x0000000000001610       0x23 ./Core/Startup/startup_stm32f407vgtx.o
 .debug_info    0x0000000000001633      0x944 ./Drivers/STM32F4xx_HAL_Driver/Src/stm32f4xx_hal.o
 .debug_info    0x0000000000001f77      0xd8c ./Drivers/STM32F4xx_HAL_Driver/Src/stm32f4xx_hal_cortex.o
 .debug_info    0x0000000000002d03      0x8af ./Drivers/STM32F4xx_HAL_Driver/Src/stm32f4xx_hal_rcc.o

.debug_abbrev   0x0000000000000000      0xe7c
 .debug_abbrev  0x0000000000000000       0x6b ./Core/Src/it.o
 .debug_abbrev  0x000000000000006b      0x195 ./Core/Src/main.o
 .debug_abbrev  0x0000000000000200       0xfb ./Core/Src/msp.o
 .debug_abbrev  0x00000000000002fb      0x1b1 ./Core/Src/syscalls.o
 .debug_abbrev  0x00000000000004ac       0xbc ./Core/Src/sysmem.o
 .debug_abbrev  0x0000000000000568      0x11a ./Core/Src/system_stm32f4xx.o
 .debug_abbrev  0x0000000000000682       0x12 ./Core/Startup/startup_stm32f407vgtx.o
 .debug_abbrev  0x0000000000000694      0x214 ./Drivers/STM32F4xx_HAL_Driver/Src/stm32f4xx_hal.o
 .debug_abbrev  0x00000000000008a8      0x31d ./Drivers/STM32F4xx_HAL_Driver/Src/stm32f4xx_hal_cortex.o
 .debug_abbrev  0x0000000000000bc5      0x2b7 ./Drivers/STM32F4xx_HAL_Driver/Src/stm32f4xx_hal_rcc.o

.debug_aranges  0x0000000000000000      0x440
 .debug_aranges
                0x0000000000000000       0x20 ./Core/Src/it.o
 .debug_aranges
                0x0000000000000020       0x38 ./Core/Src/main.o
 .debug_aranges
                0x0000000000000058       0x20 ./Core/Src/msp.o
 .debug_aranges
                0x0000000000000078       0xb0 ./Core/Src/syscalls.o
 .debug_aranges
                0x0000000000000128       0x20 ./Core/Src/sysmem.o
 .debug_aranges
                0x0000000000000148       0x28 ./Core/Src/system_stm32f4xx.o
 .debug_aranges
                0x0000000000000170       0x28 ./Core/Startup/startup_stm32f407vgtx.o
 .debug_aranges
                0x0000000000000198       0xf0 ./Drivers/STM32F4xx_HAL_Driver/Src/stm32f4xx_hal.o
 .debug_aranges
                0x0000000000000288      0x130 ./Drivers/STM32F4xx_HAL_Driver/Src/stm32f4xx_hal_cortex.o
 .debug_aranges
                0x00000000000003b8       0x88 ./Drivers/STM32F4xx_HAL_Driver/Src/stm32f4xx_hal_rcc.o

.debug_rnglists
                0x0000000000000000      0x307
 .debug_rnglists
                0x0000000000000000       0x13 ./Core/Src/it.o
 .debug_rnglists
                0x0000000000000013       0x27 ./Core/Src/main.o
 .debug_rnglists
                0x000000000000003a       0x13 ./Core/Src/msp.o
 .debug_rnglists
                0x000000000000004d       0x7f ./Core/Src/syscalls.o
 .debug_rnglists
                0x00000000000000cc       0x13 ./Core/Src/sysmem.o
 .debug_rnglists
                0x00000000000000df       0x1a ./Core/Src/system_stm32f4xx.o
 .debug_rnglists
                0x00000000000000f9       0x19 ./Core/Startup/startup_stm32f407vgtx.o
 .debug_rnglists
                0x0000000000000112       0xaf ./Drivers/STM32F4xx_HAL_Driver/Src/stm32f4xx_hal.o
 .debug_rnglists
                0x00000000000001c1       0xe0 ./Drivers/STM32F4xx_HAL_Driver/Src/stm32f4xx_hal_cortex.o
 .debug_rnglists
                0x00000000000002a1       0x66 ./Drivers/STM32F4xx_HAL_Driver/Src/stm32f4xx_hal_rcc.o

.debug_macro    0x0000000000000000    0x21caa
 .debug_macro   0x0000000000000000      0x21a ./Core/Src/it.o
 .debug_macro   0x000000000000021a      0xaa8 ./Core/Src/it.o
 .debug_macro   0x0000000000000cc2      0x2ad ./Core/Src/it.o
 .debug_macro   0x0000000000000f6f       0x2e ./Core/Src/it.o
 .debug_macro   0x0000000000000f9d       0x2f ./Core/Src/it.o
 .debug_macro   0x0000000000000fcc       0x22 ./Core/Src/it.o
 .debug_macro   0x0000000000000fee       0x8e ./Core/Src/it.o
 .debug_macro   0x000000000000107c       0x51 ./Core/Src/it.o
 .debug_macro   0x00000000000010cd      0x103 ./Core/Src/it.o
 .debug_macro   0x00000000000011d0       0x6a ./Core/Src/it.o
 .debug_macro   0x000000000000123a      0x1df ./Core/Src/it.o
 .debug_macro   0x0000000000001419       0x1c ./Core/Src/it.o
 .debug_macro   0x0000000000001435       0x22 ./Core/Src/it.o
 .debug_macro   0x0000000000001457       0xfb ./Core/Src/it.o
 .debug_macro   0x0000000000001552     0x1011 ./Core/Src/it.o
 .debug_macro   0x0000000000002563      0x11f ./Core/Src/it.o
 .debug_macro   0x0000000000002682    0x15e97 ./Core/Src/it.o
 .debug_macro   0x0000000000018519       0x6d ./Core/Src/it.o
 .debug_macro   0x0000000000018586     0x369a ./Core/Src/it.o
 .debug_macro   0x000000000001bc20      0x174 ./Core/Src/it.o
 .debug_macro   0x000000000001bd94       0x5c ./Core/Src/it.o
 .debug_macro   0x000000000001bdf0      0x980 ./Core/Src/it.o
 .debug_macro   0x000000000001c770      0x9e9 ./Core/Src/it.o
 .debug_macro   0x000000000001d159      0x115 ./Core/Src/it.o
 .debug_macro   0x000000000001d26e      0x13e ./Core/Src/it.o
 .debug_macro   0x000000000001d3ac       0xa5 ./Core/Src/it.o
 .debug_macro   0x000000000001d451      0x174 ./Core/Src/it.o
 .debug_macro   0x000000000001d5c5      0x287 ./Core/Src/it.o
 .debug_macro   0x000000000001d84c       0x5f ./Core/Src/it.o
 .debug_macro   0x000000000001d8ab      0x236 ./Core/Src/it.o
 .debug_macro   0x000000000001dae1      0x12c ./Core/Src/it.o
 .debug_macro   0x000000000001dc0d      0x21e ./Core/Src/it.o
 .debug_macro   0x000000000001de2b       0x2e ./Core/Src/it.o
 .debug_macro   0x000000000001de59      0x1b5 ./Core/Src/it.o
 .debug_macro   0x000000000001e00e       0xd6 ./Core/Src/it.o
 .debug_macro   0x000000000001e0e4      0x1a7 ./Core/Src/it.o
 .debug_macro   0x000000000001e28b       0x46 ./Core/Src/it.o
 .debug_macro   0x000000000001e2d1       0x4a ./Core/Src/it.o
 .debug_macro   0x000000000001e31b      0x127 ./Core/Src/it.o
 .debug_macro   0x000000000001e442       0x7e ./Core/Src/it.o
 .debug_macro   0x000000000001e4c0       0x89 ./Core/Src/it.o
 .debug_macro   0x000000000001e549      0x225 ./Core/Src/it.o
 .debug_macro   0x000000000001e76e      0x8ed ./Core/Src/it.o
 .debug_macro   0x000000000001f05b       0x4d ./Core/Src/it.o
 .debug_macro   0x000000000001f0a8      0x293 ./Core/Src/it.o
 .debug_macro   0x000000000001f33b       0x98 ./Core/Src/it.o
 .debug_macro   0x000000000001f3d3      0x12d ./Core/Src/it.o
 .debug_macro   0x000000000001f500      0x332 ./Core/Src/main.o
 .debug_macro   0x000000000001f832       0x61 ./Core/Src/main.o
 .debug_macro   0x000000000001f893       0x2a ./Core/Src/main.o
 .debug_macro   0x000000000001f8bd       0x43 ./Core/Src/main.o
 .debug_macro   0x000000000001f900       0x34 ./Core/Src/main.o
 .debug_macro   0x000000000001f934       0x16 ./Core/Src/main.o
 .debug_macro   0x000000000001f94a       0x43 ./Core/Src/main.o
 .debug_macro   0x000000000001f98d       0x34 ./Core/Src/main.o
 .debug_macro   0x000000000001f9c1       0x10 ./Core/Src/main.o
 .debug_macro   0x000000000001f9d1       0x58 ./Core/Src/main.o
 .debug_macro   0x000000000001fa29       0x8e ./Core/Src/main.o
 .debug_macro   0x000000000001fab7       0x1c ./Core/Src/main.o
 .debug_macro   0x000000000001fad3      0x177 ./Core/Src/main.o
 .debug_macro   0x000000000001fc4a      0x369 ./Core/Src/main.o
 .debug_macro   0x000000000001ffb3       0x10 ./Core/Src/main.o
 .debug_macro   0x000000000001ffc3       0x35 ./Core/Src/main.o
 .debug_macro   0x000000000001fff8       0x20 ./Core/Src/main.o
 .debug_macro   0x0000000000020018       0x1c ./Core/Src/main.o
 .debug_macro   0x0000000000020034       0x10 ./Core/Src/main.o
 .debug_macro   0x0000000000020044       0x1c ./Core/Src/main.o
 .debug_macro   0x0000000000020060       0x16 ./Core/Src/main.o
 .debug_macro   0x0000000000020076      0x147 ./Core/Src/main.o
 .debug_macro   0x00000000000201bd      0x21a ./Core/Src/msp.o
 .debug_macro   0x00000000000203d7      0x286 ./Core/Src/syscalls.o
 .debug_macro   0x000000000002065d       0x5b ./Core/Src/syscalls.o
 .debug_macro   0x00000000000206b8       0x94 ./Core/Src/syscalls.o
 .debug_macro   0x000000000002074c       0x57 ./Core/Src/syscalls.o
 .debug_macro   0x00000000000207a3       0x10 ./Core/Src/syscalls.o
 .debug_macro   0x00000000000207b3       0x10 ./Core/Src/syscalls.o
 .debug_macro   0x00000000000207c3       0x10 ./Core/Src/syscalls.o
 .debug_macro   0x00000000000207d3       0x10 ./Core/Src/syscalls.o
 .debug_macro   0x00000000000207e3       0x1c ./Core/Src/syscalls.o
 .debug_macro   0x00000000000207ff       0x52 ./Core/Src/syscalls.o
 .debug_macro   0x0000000000020851       0x22 ./Core/Src/syscalls.o
 .debug_macro   0x0000000000020873       0x10 ./Core/Src/syscalls.o
 .debug_macro   0x0000000000020883       0x52 ./Core/Src/syscalls.o
 .debug_macro   0x00000000000208d5       0xcf ./Core/Src/syscalls.o
 .debug_macro   0x00000000000209a4       0x1c ./Core/Src/syscalls.o
 .debug_macro   0x00000000000209c0       0x3d ./Core/Src/syscalls.o
 .debug_macro   0x00000000000209fd       0x35 ./Core/Src/syscalls.o
 .debug_macro   0x0000000000020a32      0x12c ./Core/Src/syscalls.o
 .debug_macro   0x0000000000020b5e       0x16 ./Core/Src/syscalls.o
 .debug_macro   0x0000000000020b74       0x16 ./Core/Src/syscalls.o
 .debug_macro   0x0000000000020b8a       0x29 ./Core/Src/syscalls.o
 .debug_macro   0x0000000000020bb3       0x10 ./Core/Src/syscalls.o
 .debug_macro   0x0000000000020bc3      0x242 ./Core/Src/syscalls.o
 .debug_macro   0x0000000000020e05       0x10 ./Core/Src/syscalls.o
 .debug_macro   0x0000000000020e15      0x18a ./Core/Src/syscalls.o
 .debug_macro   0x0000000000020f9f       0x16 ./Core/Src/syscalls.o
 .debug_macro   0x0000000000020fb5       0xce ./Core/Src/syscalls.o
 .debug_macro   0x0000000000021083       0xff ./Core/Src/sysmem.o
 .debug_macro   0x0000000000021182      0x23c ./Core/Src/sysmem.o
 .debug_macro   0x00000000000213be      0x21a ./Core/Src/system_stm32f4xx.o
 .debug_macro   0x00000000000215d8      0x27a ./Drivers/STM32F4xx_HAL_Driver/Src/stm32f4xx_hal.o
 .debug_macro   0x0000000000021852      0x21a ./Drivers/STM32F4xx_HAL_Driver/Src/stm32f4xx_hal_cortex.o
 .debug_macro   0x0000000000021a6c      0x23e ./Drivers/STM32F4xx_HAL_Driver/Src/stm32f4xx_hal_rcc.o

.debug_line     0x0000000000000000     0x5107
 .debug_line    0x0000000000000000      0x710 ./Core/Src/it.o
 .debug_line    0x0000000000000710      0x914 ./Core/Src/main.o
 .debug_line    0x0000000000001024      0x718 ./Core/Src/msp.o
 .debug_line    0x000000000000173c      0x826 ./Core/Src/syscalls.o
 .debug_line    0x0000000000001f62      0x4c2 ./Core/Src/sysmem.o
 .debug_line    0x0000000000002424      0x7ab ./Core/Src/system_stm32f4xx.o
 .debug_line    0x0000000000002bcf       0x7a ./Core/Startup/startup_stm32f407vgtx.o
 .debug_line    0x0000000000002c49      0xa11 ./Drivers/STM32F4xx_HAL_Driver/Src/stm32f4xx_hal.o
 .debug_line    0x000000000000365a      0xd0b ./Drivers/STM32F4xx_HAL_Driver/Src/stm32f4xx_hal_cortex.o
 .debug_line    0x0000000000004365      0xda2 ./Drivers/STM32F4xx_HAL_Driver/Src/stm32f4xx_hal_rcc.o

.debug_str      0x0000000000000000    0xce1ad
 .debug_str     0x0000000000000000    0xc72ad ./Core/Src/it.o
                                      0xc7515 (size before relaxing)
 .debug_str     0x00000000000c72ad     0x39e4 ./Core/Src/main.o
                                      0xcaf07 (size before relaxing)
 .debug_str     0x00000000000cac91      0x593 ./Core/Src/msp.o
                                      0xc7a9d (size before relaxing)
 .debug_str     0x00000000000cb224     0x2178 ./Core/Src/syscalls.o
                                       0x9972 (size before relaxing)
 .debug_str     0x00000000000cd39c       0x6b ./Core/Src/sysmem.o
                                       0x607b (size before relaxing)
 .debug_str     0x00000000000cd407      0x174 ./Core/Src/system_stm32f4xx.o
                                      0xc76ce (size before relaxing)
 .debug_str     0x00000000000cd57b       0x34 ./Core/Startup/startup_stm32f407vgtx.o
                                         0x8d (size before relaxing)
 .debug_str     0x00000000000cd5af      0x5e2 ./Drivers/STM32F4xx_HAL_Driver/Src/stm32f4xx_hal.o
                                      0xc8252 (size before relaxing)
 .debug_str     0x00000000000cdb91      0x387 ./Drivers/STM32F4xx_HAL_Driver/Src/stm32f4xx_hal_cortex.o
                                      0xc7fce (size before relaxing)
 .debug_str     0x00000000000cdf18      0x295 ./Drivers/STM32F4xx_HAL_Driver/Src/stm32f4xx_hal_rcc.o
                                      0xc7b02 (size before relaxing)

.debug_frame    0x0000000000000000     0x17b8
 .debug_frame   0x0000000000000000       0x2c ./Core/Src/it.o
 .debug_frame   0x000000000000002c       0x8c ./Core/Src/main.o
 .debug_frame   0x00000000000000b8       0x2c ./Core/Src/msp.o
 .debug_frame   0x00000000000000e4      0x2d4 ./Core/Src/syscalls.o
 .debug_frame   0x00000000000003b8       0x34 ./Core/Src/sysmem.o
 .debug_frame   0x00000000000003ec       0x58 ./Core/Src/system_stm32f4xx.o
 .debug_frame   0x0000000000000444      0x374 ./Drivers/STM32F4xx_HAL_Driver/Src/stm32f4xx_hal.o
 .debug_frame   0x00000000000007b8      0x508 ./Drivers/STM32F4xx_HAL_Driver/Src/stm32f4xx_hal_cortex.o
 .debug_frame   0x0000000000000cc0      0x1f4 ./Drivers/STM32F4xx_HAL_Driver/Src/stm32f4xx_hal_rcc.o
 .debug_frame   0x0000000000000eb4      0x144 /opt/st/stm32cubeide_1.14.0_2/plugins/com.st.stm32cube.ide.mcu.externaltools.gnu-tools-for-stm32.11.3.rel1.linux64_1.1.100.202309141235/tools/bin/../lib/gcc/arm-none-eabi/11.3.1/../../../../arm-none-eabi/lib/thumb/v7e-m+fp/hard/libc_nano.a(libc_a-findfp.o)
 .debug_frame   0x0000000000000ff8       0x34 /opt/st/stm32cubeide_1.14.0_2/plugins/com.st.stm32cube.ide.mcu.externaltools.gnu-tools-for-stm32.11.3.rel1.linux64_1.1.100.202309141235/tools/bin/../lib/gcc/arm-none-eabi/11.3.1/../../../../arm-none-eabi/lib/thumb/v7e-m+fp/hard/libc_nano.a(libc_a-fwalk.o)
 .debug_frame   0x000000000000102c       0x3c /opt/st/stm32cubeide_1.14.0_2/plugins/com.st.stm32cube.ide.mcu.externaltools.gnu-tools-for-stm32.11.3.rel1.linux64_1.1.100.202309141235/tools/bin/../lib/gcc/arm-none-eabi/11.3.1/../../../../arm-none-eabi/lib/thumb/v7e-m+fp/hard/libc_nano.a(libc_a-puts.o)
 .debug_frame   0x0000000000001068       0x6c /opt/st/stm32cubeide_1.14.0_2/plugins/com.st.stm32cube.ide.mcu.externaltools.gnu-tools-for-stm32.11.3.rel1.linux64_1.1.100.202309141235/tools/bin/../lib/gcc/arm-none-eabi/11.3.1/../../../../arm-none-eabi/lib/thumb/v7e-m+fp/hard/libc_nano.a(libc_a-sprintf.o)
 .debug_frame   0x00000000000010d4       0x88 /opt/st/stm32cubeide_1.14.0_2/plugins/com.st.stm32cube.ide.mcu.externaltools.gnu-tools-for-stm32.11.3.rel1.linux64_1.1.100.202309141235/tools/bin/../lib/gcc/arm-none-eabi/11.3.1/../../../../arm-none-eabi/lib/thumb/v7e-m+fp/hard/libc_nano.a(libc_a-stdio.o)
 .debug_frame   0x000000000000115c       0x40 /opt/st/stm32cubeide_1.14.0_2/plugins/com.st.stm32cube.ide.mcu.externaltools.gnu-tools-for-stm32.11.3.rel1.linux64_1.1.100.202309141235/tools/bin/../lib/gcc/arm-none-eabi/11.3.1/../../../../arm-none-eabi/lib/thumb/v7e-m+fp/hard/libc_nano.a(libc_a-wbuf.o)
 .debug_frame   0x000000000000119c       0x2c /opt/st/stm32cubeide_1.14.0_2/plugins/com.st.stm32cube.ide.mcu.externaltools.gnu-tools-for-stm32.11.3.rel1.linux64_1.1.100.202309141235/tools/bin/../lib/gcc/arm-none-eabi/11.3.1/../../../../arm-none-eabi/lib/thumb/v7e-m+fp/hard/libc_nano.a(libc_a-wsetup.o)
 .debug_frame   0x00000000000011c8       0x20 /opt/st/stm32cubeide_1.14.0_2/plugins/com.st.stm32cube.ide.mcu.externaltools.gnu-tools-for-stm32.11.3.rel1.linux64_1.1.100.202309141235/tools/bin/../lib/gcc/arm-none-eabi/11.3.1/../../../../arm-none-eabi/lib/thumb/v7e-m+fp/hard/libc_nano.a(libc_a-memset.o)
 .debug_frame   0x00000000000011e8       0x2c /opt/st/stm32cubeide_1.14.0_2/plugins/com.st.stm32cube.ide.mcu.externaltools.gnu-tools-for-stm32.11.3.rel1.linux64_1.1.100.202309141235/tools/bin/../lib/gcc/arm-none-eabi/11.3.1/../../../../arm-none-eabi/lib/thumb/v7e-m+fp/hard/libc_nano.a(libc_a-closer.o)
 .debug_frame   0x0000000000001214       0x38 /opt/st/stm32cubeide_1.14.0_2/plugins/com.st.stm32cube.ide.mcu.externaltools.gnu-tools-for-stm32.11.3.rel1.linux64_1.1.100.202309141235/tools/bin/../lib/gcc/arm-none-eabi/11.3.1/../../../../arm-none-eabi/lib/thumb/v7e-m+fp/hard/libc_nano.a(libc_a-reent.o)
 .debug_frame   0x000000000000124c       0x2c /opt/st/stm32cubeide_1.14.0_2/plugins/com.st.stm32cube.ide.mcu.externaltools.gnu-tools-for-stm32.11.3.rel1.linux64_1.1.100.202309141235/tools/bin/../lib/gcc/arm-none-eabi/11.3.1/../../../../arm-none-eabi/lib/thumb/v7e-m+fp/hard/libc_nano.a(libc_a-lseekr.o)
 .debug_frame   0x0000000000001278       0x2c /opt/st/stm32cubeide_1.14.0_2/plugins/com.st.stm32cube.ide.mcu.externaltools.gnu-tools-for-stm32.11.3.rel1.linux64_1.1.100.202309141235/tools/bin/../lib/gcc/arm-none-eabi/11.3.1/../../../../arm-none-eabi/lib/thumb/v7e-m+fp/hard/libc_nano.a(libc_a-readr.o)
 .debug_frame   0x00000000000012a4       0x2c /opt/st/stm32cubeide_1.14.0_2/plugins/com.st.stm32cube.ide.mcu.externaltools.gnu-tools-for-stm32.11.3.rel1.linux64_1.1.100.202309141235/tools/bin/../lib/gcc/arm-none-eabi/11.3.1/../../../../arm-none-eabi/lib/thumb/v7e-m+fp/hard/libc_nano.a(libc_a-writer.o)
 .debug_frame   0x00000000000012d0       0x20 /opt/st/stm32cubeide_1.14.0_2/plugins/com.st.stm32cube.ide.mcu.externaltools.gnu-tools-for-stm32.11.3.rel1.linux64_1.1.100.202309141235/tools/bin/../lib/gcc/arm-none-eabi/11.3.1/../../../../arm-none-eabi/lib/thumb/v7e-m+fp/hard/libc_nano.a(libc_a-errno.o)
 .debug_frame   0x00000000000012f0       0x2c /opt/st/stm32cubeide_1.14.0_2/plugins/com.st.stm32cube.ide.mcu.externaltools.gnu-tools-for-stm32.11.3.rel1.linux64_1.1.100.202309141235/tools/bin/../lib/gcc/arm-none-eabi/11.3.1/../../../../arm-none-eabi/lib/thumb/v7e-m+fp/hard/libc_nano.a(libc_a-init.o)
 .debug_frame   0x000000000000131c       0xb0 /opt/st/stm32cubeide_1.14.0_2/plugins/com.st.stm32cube.ide.mcu.externaltools.gnu-tools-for-stm32.11.3.rel1.linux64_1.1.100.202309141235/tools/bin/../lib/gcc/arm-none-eabi/11.3.1/../../../../arm-none-eabi/lib/thumb/v7e-m+fp/hard/libc_nano.a(libc_a-lock.o)
 .debug_frame   0x00000000000013cc       0x38 /opt/st/stm32cubeide_1.14.0_2/plugins/com.st.stm32cube.ide.mcu.externaltools.gnu-tools-for-stm32.11.3.rel1.linux64_1.1.100.202309141235/tools/bin/../lib/gcc/arm-none-eabi/11.3.1/../../../../arm-none-eabi/lib/thumb/v7e-m+fp/hard/libc_nano.a(libc_a-freer.o)
 .debug_frame   0x0000000000001404       0x50 /opt/st/stm32cubeide_1.14.0_2/plugins/com.st.stm32cube.ide.mcu.externaltools.gnu-tools-for-stm32.11.3.rel1.linux64_1.1.100.202309141235/tools/bin/../lib/gcc/arm-none-eabi/11.3.1/../../../../arm-none-eabi/lib/thumb/v7e-m+fp/hard/libc_nano.a(libc_a-mallocr.o)
 .debug_frame   0x0000000000001454       0x30 /opt/st/stm32cubeide_1.14.0_2/plugins/com.st.stm32cube.ide.mcu.externaltools.gnu-tools-for-stm32.11.3.rel1.linux64_1.1.100.202309141235/tools/bin/../lib/gcc/arm-none-eabi/11.3.1/../../../../arm-none-eabi/lib/thumb/v7e-m+fp/hard/libc_nano.a(libc_a-mlock.o)
 .debug_frame   0x0000000000001484       0x90 /opt/st/stm32cubeide_1.14.0_2/plugins/com.st.stm32cube.ide.mcu.externaltools.gnu-tools-for-stm32.11.3.rel1.linux64_1.1.100.202309141235/tools/bin/../lib/gcc/arm-none-eabi/11.3.1/../../../../arm-none-eabi/lib/thumb/v7e-m+fp/hard/libc_nano.a(libc_a-nano-svfprintf.o)
 .debug_frame   0x0000000000001514       0x60 /opt/st/stm32cubeide_1.14.0_2/plugins/com.st.stm32cube.ide.mcu.externaltools.gnu-tools-for-stm32.11.3.rel1.linux64_1.1.100.202309141235/tools/bin/../lib/gcc/arm-none-eabi/11.3.1/../../../../arm-none-eabi/lib/thumb/v7e-m+fp/hard/libc_nano.a(libc_a-nano-vfprintf_i.o)
 .debug_frame   0x0000000000001574       0x5c /opt/st/stm32cubeide_1.14.0_2/plugins/com.st.stm32cube.ide.mcu.externaltools.gnu-tools-for-stm32.11.3.rel1.linux64_1.1.100.202309141235/tools/bin/../lib/gcc/arm-none-eabi/11.3.1/../../../../arm-none-eabi/lib/thumb/v7e-m+fp/hard/libc_nano.a(libc_a-fflush.o)
 .debug_frame   0x00000000000015d0       0x58 /opt/st/stm32cubeide_1.14.0_2/plugins/com.st.stm32cube.ide.mcu.externaltools.gnu-tools-for-stm32.11.3.rel1.linux64_1.1.100.202309141235/tools/bin/../lib/gcc/arm-none-eabi/11.3.1/../../../../arm-none-eabi/lib/thumb/v7e-m+fp/hard/libc_nano.a(libc_a-makebuf.o)
 .debug_frame   0x0000000000001628       0x28 /opt/st/stm32cubeide_1.14.0_2/plugins/com.st.stm32cube.ide.mcu.externaltools.gnu-tools-for-stm32.11.3.rel1.linux64_1.1.100.202309141235/tools/bin/../lib/gcc/arm-none-eabi/11.3.1/../../../../arm-none-eabi/lib/thumb/v7e-m+fp/hard/libc_nano.a(libc_a-memmove.o)
 .debug_frame   0x0000000000001650       0x2c /opt/st/stm32cubeide_1.14.0_2/plugins/com.st.stm32cube.ide.mcu.externaltools.gnu-tools-for-stm32.11.3.rel1.linux64_1.1.100.202309141235/tools/bin/../lib/gcc/arm-none-eabi/11.3.1/../../../../arm-none-eabi/lib/thumb/v7e-m+fp/hard/libc_nano.a(libc_a-fstatr.o)
 .debug_frame   0x000000000000167c       0x2c /opt/st/stm32cubeide_1.14.0_2/plugins/com.st.stm32cube.ide.mcu.externaltools.gnu-tools-for-stm32.11.3.rel1.linux64_1.1.100.202309141235/tools/bin/../lib/gcc/arm-none-eabi/11.3.1/../../../../arm-none-eabi/lib/thumb/v7e-m+fp/hard/libc_nano.a(libc_a-isattyr.o)
 .debug_frame   0x00000000000016a8       0x2c /opt/st/stm32cubeide_1.14.0_2/plugins/com.st.stm32cube.ide.mcu.externaltools.gnu-tools-for-stm32.11.3.rel1.linux64_1.1.100.202309141235/tools/bin/../lib/gcc/arm-none-eabi/11.3.1/../../../../arm-none-eabi/lib/thumb/v7e-m+fp/hard/libc_nano.a(libc_a-sbrkr.o)
 .debug_frame   0x00000000000016d4       0x28 /opt/st/stm32cubeide_1.14.0_2/plugins/com.st.stm32cube.ide.mcu.externaltools.gnu-tools-for-stm32.11.3.rel1.linux64_1.1.100.202309141235/tools/bin/../lib/gcc/arm-none-eabi/11.3.1/../../../../arm-none-eabi/lib/thumb/v7e-m+fp/hard/libc_nano.a(libc_a-memcpy-stub.o)
 .debug_frame   0x00000000000016fc       0x3c /opt/st/stm32cubeide_1.14.0_2/plugins/com.st.stm32cube.ide.mcu.externaltools.gnu-tools-for-stm32.11.3.rel1.linux64_1.1.100.202309141235/tools/bin/../lib/gcc/arm-none-eabi/11.3.1/../../../../arm-none-eabi/lib/thumb/v7e-m+fp/hard/libc_nano.a(libc_a-reallocr.o)
 .debug_frame   0x0000000000001738       0x20 /opt/st/stm32cubeide_1.14.0_2/plugins/com.st.stm32cube.ide.mcu.externaltools.gnu-tools-for-stm32.11.3.rel1.linux64_1.1.100.202309141235/tools/bin/../lib/gcc/arm-none-eabi/11.3.1/../../../../arm-none-eabi/lib/thumb/v7e-m+fp/hard/libc_nano.a(libc_a-msizer.o)
 .debug_frame   0x0000000000001758       0x2c /opt/st/stm32cubeide_1.14.0_2/plugins/com.st.stm32cube.ide.mcu.externaltools.gnu-tools-for-stm32.11.3.rel1.linux64_1.1.100.202309141235/tools/bin/../lib/gcc/arm-none-eabi/11.3.1/thumb/v7e-m+fp/hard/libgcc.a(_aeabi_uldivmod.o)
 .debug_frame   0x0000000000001784       0x34 /opt/st/stm32cubeide_1.14.0_2/plugins/com.st.stm32cube.ide.mcu.externaltools.gnu-tools-for-stm32.11.3.rel1.linux64_1.1.100.202309141235/tools/bin/../lib/gcc/arm-none-eabi/11.3.1/thumb/v7e-m+fp/hard/libgcc.a(_udivmoddi4.o)

.debug_line_str
                0x0000000000000000       0x81
 .debug_line_str
                0x0000000000000000       0x81 ./Core/Startup/startup_stm32f407vgtx.o
                                         0x99 (size before relaxing)
