19:14:27 **** Incremental Build of configuration Debug for project 006_TIM6_basic_timer ****
make -j12 all 
arm-none-eabi-gcc "../Core/Src/main.c" -mcpu=cortex-m4 -std=gnu11 -g3 -DDEBUG -DUSE_HAL_DRIVER -DSTM32F407xx -c -I../Core/Inc -I../Drivers/STM32F4xx_HAL_Driver/Inc -I../Drivers/STM32F4xx_HAL_Driver/Inc/Legacy -I../Drivers/CMSIS/Device/ST/STM32F4xx/Include -I../Drivers/CMSIS/Include -O0 -ffunction-sections -fdata-sections -Wall -fstack-usage -fcyclomatic-complexity -MMD -MP -MF"Core/Src/main.d" -MT"Core/Src/main.o" --specs=nano.specs -mfpu=fpv4-sp-d16 -mfloat-abi=hard -mthumb -o "Core/Src/main.o"
arm-none-eabi-gcc -o "006_TIM6_basic_timer.elf" @"objects.list"   -mcpu=cortex-m4 -T"/home/rezk/rzk/ES/Developping Area/ARM/stm32f407xx/MCU2_ws/006_TIM6_basic_timer/STM32F407VGTX_FLASH.ld" --specs=nosys.specs -Wl,-Map="006_TIM6_basic_timer.map" -Wl,--gc-sections -static --specs=nano.specs -mfpu=fpv4-sp-d16 -mfloat-abi=hard -mthumb -Wl,--start-group -lc -lm -Wl,--end-group
Finished building target: 006_TIM6_basic_timer.elf
 
arm-none-eabi-size  006_TIM6_basic_timer.elf 
arm-none-eabi-objdump -h -S 006_TIM6_basic_timer.elf  > "006_TIM6_basic_timer.list"
   text	   data	    bss	    dec	    hex	filename
  12368	    112	   1976	  14456	   3878	006_TIM6_basic_timer.elf
Finished building: default.size.stdout
 
Finished building: 006_TIM6_basic_timer.list
 

19:14:28 Build Finished. 0 errors, 0 warnings. (took 639ms)

